Archive member included to satisfy reference by file (symbol)

/Applications/Ac6/SystemWorkbench.app/Contents/Eclipse/plugins/fr.ac6.mcu.externaltools.arm-none.macos64_1.13.1.201703061524/tools/compiler/bin/../lib/gcc/arm-none-eabi/5.4.1/../../../../arm-none-eabi/lib/armv7e-m/fpu/libc.a(lib_a-errno.o)
                              src/syscalls.o (__errno)
/Applications/Ac6/SystemWorkbench.app/Contents/Eclipse/plugins/fr.ac6.mcu.externaltools.arm-none.macos64_1.13.1.201703061524/tools/compiler/bin/../lib/gcc/arm-none-eabi/5.4.1/../../../../arm-none-eabi/lib/armv7e-m/fpu/libc.a(lib_a-exit.o)
                              /Applications/Ac6/SystemWorkbench.app/Contents/Eclipse/plugins/fr.ac6.mcu.externaltools.arm-none.macos64_1.13.1.201703061524/tools/compiler/bin/../lib/gcc/arm-none-eabi/5.4.1/../../../../arm-none-eabi/lib/armv7e-m/fpu/crt0.o (exit)
/Applications/Ac6/SystemWorkbench.app/Contents/Eclipse/plugins/fr.ac6.mcu.externaltools.arm-none.macos64_1.13.1.201703061524/tools/compiler/bin/../lib/gcc/arm-none-eabi/5.4.1/../../../../arm-none-eabi/lib/armv7e-m/fpu/libc.a(lib_a-impure.o)
                              /Applications/Ac6/SystemWorkbench.app/Contents/Eclipse/plugins/fr.ac6.mcu.externaltools.arm-none.macos64_1.13.1.201703061524/tools/compiler/bin/../lib/gcc/arm-none-eabi/5.4.1/../../../../arm-none-eabi/lib/armv7e-m/fpu/libc.a(lib_a-exit.o) (_global_impure_ptr)
/Applications/Ac6/SystemWorkbench.app/Contents/Eclipse/plugins/fr.ac6.mcu.externaltools.arm-none.macos64_1.13.1.201703061524/tools/compiler/bin/../lib/gcc/arm-none-eabi/5.4.1/../../../../arm-none-eabi/lib/armv7e-m/fpu/libc.a(lib_a-init.o)
                              /Applications/Ac6/SystemWorkbench.app/Contents/Eclipse/plugins/fr.ac6.mcu.externaltools.arm-none.macos64_1.13.1.201703061524/tools/compiler/bin/../lib/gcc/arm-none-eabi/5.4.1/../../../../arm-none-eabi/lib/armv7e-m/fpu/crt0.o (__libc_init_array)
/Applications/Ac6/SystemWorkbench.app/Contents/Eclipse/plugins/fr.ac6.mcu.externaltools.arm-none.macos64_1.13.1.201703061524/tools/compiler/bin/../lib/gcc/arm-none-eabi/5.4.1/../../../../arm-none-eabi/lib/armv7e-m/fpu/libc.a(lib_a-memset.o)
                              /Applications/Ac6/SystemWorkbench.app/Contents/Eclipse/plugins/fr.ac6.mcu.externaltools.arm-none.macos64_1.13.1.201703061524/tools/compiler/bin/../lib/gcc/arm-none-eabi/5.4.1/../../../../arm-none-eabi/lib/armv7e-m/fpu/crt0.o (memset)
/Applications/Ac6/SystemWorkbench.app/Contents/Eclipse/plugins/fr.ac6.mcu.externaltools.arm-none.macos64_1.13.1.201703061524/tools/compiler/bin/../lib/gcc/arm-none-eabi/5.4.1/../../../../arm-none-eabi/lib/armv7e-m/fpu/libc.a(lib_a-__call_atexit.o)
                              /Applications/Ac6/SystemWorkbench.app/Contents/Eclipse/plugins/fr.ac6.mcu.externaltools.arm-none.macos64_1.13.1.201703061524/tools/compiler/bin/../lib/gcc/arm-none-eabi/5.4.1/../../../../arm-none-eabi/lib/armv7e-m/fpu/libc.a(lib_a-exit.o) (__call_exitprocs)
/Applications/Ac6/SystemWorkbench.app/Contents/Eclipse/plugins/fr.ac6.mcu.externaltools.arm-none.macos64_1.13.1.201703061524/tools/compiler/bin/../lib/gcc/arm-none-eabi/5.4.1/../../../../arm-none-eabi/lib/armv7e-m/fpu/libc.a(lib_a-atexit.o)
                              /Applications/Ac6/SystemWorkbench.app/Contents/Eclipse/plugins/fr.ac6.mcu.externaltools.arm-none.macos64_1.13.1.201703061524/tools/compiler/bin/../lib/gcc/arm-none-eabi/5.4.1/../../../../arm-none-eabi/lib/armv7e-m/fpu/libc.a(lib_a-__call_atexit.o) (atexit)
/Applications/Ac6/SystemWorkbench.app/Contents/Eclipse/plugins/fr.ac6.mcu.externaltools.arm-none.macos64_1.13.1.201703061524/tools/compiler/bin/../lib/gcc/arm-none-eabi/5.4.1/../../../../arm-none-eabi/lib/armv7e-m/fpu/libc.a(lib_a-fini.o)
                              /Applications/Ac6/SystemWorkbench.app/Contents/Eclipse/plugins/fr.ac6.mcu.externaltools.arm-none.macos64_1.13.1.201703061524/tools/compiler/bin/../lib/gcc/arm-none-eabi/5.4.1/../../../../arm-none-eabi/lib/armv7e-m/fpu/libc.a(lib_a-__call_atexit.o) (__libc_fini_array)
/Applications/Ac6/SystemWorkbench.app/Contents/Eclipse/plugins/fr.ac6.mcu.externaltools.arm-none.macos64_1.13.1.201703061524/tools/compiler/bin/../lib/gcc/arm-none-eabi/5.4.1/../../../../arm-none-eabi/lib/armv7e-m/fpu/libc.a(lib_a-__atexit.o)
                              /Applications/Ac6/SystemWorkbench.app/Contents/Eclipse/plugins/fr.ac6.mcu.externaltools.arm-none.macos64_1.13.1.201703061524/tools/compiler/bin/../lib/gcc/arm-none-eabi/5.4.1/../../../../arm-none-eabi/lib/armv7e-m/fpu/libc.a(lib_a-atexit.o) (__register_exitproc)

Allocating common symbols
Common symbol       size              file

rightspeed          0x4               src/main.o
left_cnt            0x4               src/Driver.o
left_intergral      0x4               src/pid.o
right_old_err       0x4               src/pid.o
right_spd           0x4               src/Driver.o
radius              0x4               src/Driver.o
right_intergral     0x4               src/pid.o
[...]
Memory Configuration

Name             Origin             Length             Attributes
RAM              0x0000000020000000 0x0000000000020000 xrw
ROM              0x0000000008000000 0x0000000000100000 xr
*default*        0x0000000000000000 0xffffffffffffffff

Linker script and memory map

LOAD /Applications/Ac6/SystemWorkbench.app/Contents/Eclipse/plugins/fr.ac6.mcu.externaltools.arm-none.macos64_1.13.1.201703061524/tools/compiler/bin/../lib/gcc/arm-none-eabi/5.4.1/armv7e-m/fpu/crti.o
LOAD /Applications/Ac6/SystemWorkbench.app/Contents/Eclipse/plugins/fr.ac6.mcu.externaltools.arm-none.macos64_1.13.1.201703061524/tools/compiler/bin/../lib/gcc/arm-none-eabi/5.4.1/armv7e-m/fpu/crtbegin.o
LOAD /Applications/Ac6/SystemWorkbench.app/Contents/Eclipse/plugins/fr.ac6.mcu.externaltools.arm-none.macos64_1.13.1.201703061524/tools/compiler/bin/../lib/gcc/arm-none-eabi/5.4.1/../../../../arm-none-eabi/lib/armv7e-m/fpu/crt0.o
LOAD /Applications/Ac6/SystemWorkbench.app/Contents/Eclipse/plugins/fr.ac6.mcu.externaltools.arm-none.macos64_1.13.1.201703061524/tools/compiler/bin/../lib/gcc/arm-none-eabi/5.4.1/../../../../arm-none-eabi/lib/armv7e-m/fpu/libm.a
LOAD StdPeriph_Driver/src/misc.o
LOAD StdPeriph_Driver/src/stm32f4xx_adc.o
LOAD StdPeriph_Driver/src/stm32f4xx_can.o
LOAD StdPeriph_Driver/src/stm32f4xx_cec.o
LOAD StdPeriph_Driver/src/stm32f4xx_crc.o
LOAD StdPeriph_Driver/src/stm32f4xx_cryp.o
LOAD StdPeriph_Driver/src/stm32f4xx_cryp_aes.o
LOAD StdPeriph_Driver/src/stm32f4xx_cryp_des.o
LOAD StdPeriph_Driver/src/stm32f4xx_cryp_tdes.o
LOAD StdPeriph_Driver/src/stm32f4xx_dac.o
LOAD StdPeriph_Driver/src/stm32f4xx_dbgmcu.o
LOAD StdPeriph_Driver/src/stm32f4xx_dcmi.o
LOAD StdPeriph_Driver/src/stm32f4xx_dfsdm.o
LOAD StdPeriph_Driver/src/stm32f4xx_dma.o
LOAD StdPeriph_Driver/src/stm32f4xx_dma2d.o
LOAD StdPeriph_Driver/src/stm32f4xx_dsi.o
LOAD StdPeriph_Driver/src/stm32f4xx_exti.o
LOAD StdPeriph_Driver/src/stm32f4xx_flash.o
LOAD StdPeriph_Driver/src/stm32f4xx_flash_ramfunc.o
LOAD StdPeriph_Driver/src/stm32f4xx_fmc.o
LOAD StdPeriph_Driver/src/stm32f4xx_fmip2c.o
LOAD StdPeriph_Driver/src/stm32f4xx_fsmc.o
LOAD StdPeriph_Driver/src/stm32f4xx_gpio.o
LOAD StdPeriph_Driver/src/stm32f4xx_hash.o
LOAD StdPeriph_Driver/src/stm32f4xx_hash_md5.o
LOAD StdPeriph_Driver/src/stm32f4xx_hash_sha1.o
LOAD StdPeriph_Driver/src/stm32f4xx_i2c.o
LOAD StdPeriph_Driver/src/stm32f4xx_iwdg.o
LOAD StdPeriph_Driver/src/stm32f4xx_lptim.o
LOAD StdPeriph_Driver/src/stm32f4xx_ltdc.o
LOAD StdPeriph_Driver/src/stm32f4xx_pwr.o
LOAD StdPeriph_Driver/src/stm32f4xx_qspi.o
LOAD StdPeriph_Driver/src/stm32f4xx_rcc.o
LOAD StdPeriph_Driver/src/stm32f4xx_rng.o
LOAD StdPeriph_Driver/src/stm32f4xx_rtc.o
LOAD StdPeriph_Driver/src/stm32f4xx_sai.o
LOAD StdPeriph_Driver/src/stm32f4xx_sdio.o
LOAD StdPeriph_Driver/src/stm32f4xx_spdifrx.o
LOAD StdPeriph_Driver/src/stm32f4xx_spi.o
LOAD StdPeriph_Driver/src/stm32f4xx_syscfg.o
LOAD StdPeriph_Driver/src/stm32f4xx_tim.o
LOAD StdPeriph_Driver/src/stm32f4xx_usart.o
LOAD StdPeriph_Driver/src/stm32f4xx_wwdg.o
LOAD src/Controller.o
LOAD src/Driver.o
LOAD src/Runner.o
LOAD src/adc.o
LOAD src/delay.o
LOAD src/encoder.o
LOAD src/led.o
LOAD src/main.o
LOAD src/pid.o
LOAD src/pwm.o
LOAD src/sensor.o
LOAD src/stm32f4xx_it.o
LOAD src/syscalls.o
LOAD src/system_stm32f4xx.o
LOAD startup/startup_stm32.o
START GROUP
LOAD /Applications/Ac6/SystemWorkbench.app/Contents/Eclipse/plugins/fr.ac6.mcu.externaltools.arm-none.macos64_1.13.1.201703061524/tools/compiler/bin/../lib/gcc/arm-none-eabi/5.4.1/armv7e-m/fpu/libgcc.a
LOAD /Applications/Ac6/SystemWorkbench.app/Contents/Eclipse/plugins/fr.ac6.mcu.externaltools.arm-none.macos64_1.13.1.201703061524/tools/compiler/bin/../lib/gcc/arm-none-eabi/5.4.1/../../../../arm-none-eabi/lib/armv7e-m/fpu/libc.a
END GROUP
LOAD /Applications/Ac6/SystemWorkbench.app/Contents/Eclipse/plugins/fr.ac6.mcu.externaltools.arm-none.macos64_1.13.1.201703061524/tools/compiler/bin/../lib/gcc/arm-none-eabi/5.4.1/armv7e-m/fpu/crtend.o
LOAD /Applications/Ac6/SystemWorkbench.app/Contents/Eclipse/plugins/fr.ac6.mcu.externaltools.arm-none.macos64_1.13.1.201703061524/tools/compiler/bin/../lib/gcc/arm-none-eabi/5.4.1/armv7e-m/fpu/crtn.o
                0x0000000020020000                _estack = 0x20020000
                0x0000000000000000                _Min_Heap_Size = 0x0
                0x0000000000000400                _Min_Stack_Size = 0x400

.isr_vector     0x0000000008000000      0x188
                0x0000000008000000                . = ALIGN (0x4)
 *(.isr_vector)
 .isr_vector    0x0000000008000000      0x188 startup/startup_stm32.o
                0x0000000008000000                g_pfnVectors
                0x0000000008000188                . = ALIGN (0x4)

.text           0x0000000008000188     0x2ac8
                0x0000000008000188                . = ALIGN (0x4)
 *(.text)
 .text          0x0000000008000188       0x5c /Applications/Ac6/SystemWorkbench.app/Contents/Eclipse/plugins/fr.ac6.mcu.externaltools.arm-none.macos64_1.13.1.201703061524/tools/compiler/bin/../lib/gcc/arm-none-eabi/5.4.1/armv7e-m/fpu/crtbegin.o
 *(.text*)
 .text.NVIC_PriorityGroupConfig
                0x00000000080001e4       0x28 StdPeriph_Driver/src/misc.o
                0x00000000080001e4                NVIC_PriorityGroupConfig
 .text.ADC_DeInit
                0x000000000800020c       0x1c StdPeriph_Driver/src/stm32f4xx_adc.o
                0x000000000800020c                ADC_DeInit
 .text.ADC_Init
                0x0000000008000228       0xac StdPeriph_Driver/src/stm32f4xx_adc.o
                0x0000000008000228                ADC_Init
 .text.ADC_CommonInit
                0x00000000080002d4       0x50 StdPeriph_Driver/src/stm32f4xx_adc.o
                0x00000000080002d4                ADC_CommonInit
 .text.ADC_Cmd  0x0000000008000324       0x38 StdPeriph_Driver/src/stm32f4xx_adc.o
                0x0000000008000324                ADC_Cmd
 .text.ADC_RegularChannelConfig
                0x000000000800035c      0x194 StdPeriph_Driver/src/stm32f4xx_adc.o
                0x000000000800035c                ADC_RegularChannelConfig
 .text.ADC_SoftwareStartConv
                0x00000000080004f0       0x20 StdPeriph_Driver/src/stm32f4xx_adc.o
                0x00000000080004f0                ADC_SoftwareStartConv
 .text.ADC_GetConversionValue
                0x0000000008000510       0x1c StdPeriph_Driver/src/stm32f4xx_adc.o
                0x0000000008000510                ADC_GetConversionValue
 .text.ADC_GetFlagStatus
                0x000000000800052c       0x34 StdPeriph_Driver/src/stm32f4xx_adc.o
                0x000000000800052c                ADC_GetFlagStatus
 .text.GPIO_Init
                0x0000000008000560      0x11c StdPeriph_Driver/src/stm32f4xx_gpio.o
                0x0000000008000560                GPIO_Init
 .text.GPIO_SetBits
                0x000000000800067c       0x20 StdPeriph_Driver/src/stm32f4xx_gpio.o
                0x000000000800067c                GPIO_SetBits
 .text.GPIO_ResetBits
                0x000000000800069c       0x20 StdPeriph_Driver/src/stm32f4xx_gpio.o
                0x000000000800069c                GPIO_ResetBits
 .text.GPIO_PinAFConfig
                0x00000000080006bc       0x94 StdPeriph_Driver/src/stm32f4xx_gpio.o
                0x00000000080006bc                GPIO_PinAFConfig
 .text.RCC_AHB1PeriphClockCmd
                0x0000000008000750       0x40 StdPeriph_Driver/src/stm32f4xx_rcc.o
                0x0000000008000750                RCC_AHB1PeriphClockCmd
 .text.RCC_APB1PeriphClockCmd
                0x0000000008000790       0x40 StdPeriph_Driver/src/stm32f4xx_rcc.o
                0x0000000008000790                RCC_APB1PeriphClockCmd
 .text.RCC_APB2PeriphClockCmd
                0x00000000080007d0       0x40 StdPeriph_Driver/src/stm32f4xx_rcc.o
                0x00000000080007d0                RCC_APB2PeriphClockCmd
 .text.RCC_APB2PeriphResetCmd
                0x0000000008000810       0x40 StdPeriph_Driver/src/stm32f4xx_rcc.o
                0x0000000008000810                RCC_APB2PeriphResetCmd
 .text.TIM_TimeBaseInit
                0x0000000008000850       0xd8 StdPeriph_Driver/src/stm32f4xx_tim.o
                0x0000000008000850                TIM_TimeBaseInit
 .text.TIM_SetAutoreload
                0x0000000008000928       0x1c StdPeriph_Driver/src/stm32f4xx_tim.o
                0x0000000008000928                TIM_SetAutoreload
 .text.TIM_ARRPreloadConfig
                0x0000000008000944       0x40 StdPeriph_Driver/src/stm32f4xx_tim.o
                0x0000000008000944                TIM_ARRPreloadConfig
 .text.TIM_Cmd  0x0000000008000984       0x40 StdPeriph_Driver/src/stm32f4xx_tim.o
                0x0000000008000984                TIM_Cmd
 .text.TIM_OC1Init
                0x00000000080009c4       0xf4 StdPeriph_Driver/src/stm32f4xx_tim.o
                0x00000000080009c4                TIM_OC1Init
 .text.TIM_OC2Init
                0x0000000008000ab8      0x110 StdPeriph_Driver/src/stm32f4xx_tim.o
                0x0000000008000ab8                TIM_OC2Init
 .text.TIM_OC3Init
                0x0000000008000bc8      0x10c StdPeriph_Driver/src/stm32f4xx_tim.o
                0x0000000008000bc8                TIM_OC3Init
 .text.TIM_OC4Init
                0x0000000008000cd4       0xd0 StdPeriph_Driver/src/stm32f4xx_tim.o
                0x0000000008000cd4                TIM_OC4Init
 .text.TIM_OC1PreloadConfig
                0x0000000008000da4       0x38 StdPeriph_Driver/src/stm32f4xx_tim.o
                0x0000000008000da4                TIM_OC1PreloadConfig
 .text.TIM_OC2PreloadConfig
                0x0000000008000ddc       0x3c StdPeriph_Driver/src/stm32f4xx_tim.o
                0x0000000008000ddc                TIM_OC2PreloadConfig
 .text.TIM_OC3PreloadConfig
                0x0000000008000e18       0x38 StdPeriph_Driver/src/stm32f4xx_tim.o
                0x0000000008000e18                TIM_OC3PreloadConfig
 .text.TIM_OC4PreloadConfig
                0x0000000008000e50       0x3c StdPeriph_Driver/src/stm32f4xx_tim.o
                0x0000000008000e50                TIM_OC4PreloadConfig
 .text.TIM_EncoderInterfaceConfig
                0x0000000008000e8c       0x98 StdPeriph_Driver/src/stm32f4xx_tim.o
                0x0000000008000e8c                TIM_EncoderInterfaceConfig
 .text.Controller_hardware_init
                0x0000000008000f24       0x74 src/Controller.o
                0x0000000008000f24                Controller_hardware_init
 .text.Controller_run
                0x0000000008000f98      0x1d8 src/Controller.o
                0x0000000008000f98                Controller_run
 .text.Controller_frontwall_corection
                0x0000000008001170       0xdc src/Controller.o
                0x0000000008001170                Controller_frontwall_corection
 .text.Controller_checkwall
                0x000000000800124c       0x64 src/Controller.o
                0x000000000800124c                Controller_checkwall
 .text.Driver_turn_left
                0x00000000080012b0      0x144 src/Driver.o
                0x00000000080012b0                Driver_turn_left
 .text.Driver_turn_right
                0x00000000080013f4      0x140 src/Driver.o
                0x00000000080013f4                Driver_turn_right
 .text.Driver_go_straight
                0x0000000008001534       0x2c src/Driver.o
                0x0000000008001534                Driver_go_straight
 .text.Driver_checkwalls
                0x0000000008001560       0x10 src/Driver.o
                0x0000000008001560                Driver_checkwalls
 .text.Runner_random_turn_two
                0x0000000008001570      0x568 src/Runner.o
                0x0000000008001570                Runner_random_turn_two
 .text.ADC_Config
                0x0000000008001ad8       0xf4 src/adc.o
                0x0000000008001ad8                ADC_Config
 .text.readADC  0x0000000008001bcc       0x44 src/adc.o
                0x0000000008001bcc                readADC
 .text.NVIC_SetPriority
                0x0000000008001c10       0x54 src/delay.o
 .text.SysTick_Config
                0x0000000008001c64       0x44 src/delay.o
 .text.Systick_Configuration
                0x0000000008001ca8       0x50 src/delay.o
                0x0000000008001ca8                Systick_Configuration
 .text.micros   0x0000000008001cf8       0x44 src/delay.o
                0x0000000008001cf8                micros
 .text.delay_ms
                0x0000000008001d3c       0x30 src/delay.o
                0x0000000008001d3c                delay_ms
 .text.elapseMicros
                0x0000000008001d6c       0x24 src/delay.o
                0x0000000008001d6c                elapseMicros
 .text.setLeftEncCount
                0x0000000008001d90       0x20 src/encoder.o
                0x0000000008001d90                setLeftEncCount
 .text.setRightEncCount
                0x0000000008001db0       0x20 src/encoder.o
                0x0000000008001db0                setRightEncCount
 .text.Encoder_Configration
                0x0000000008001dd0       0xbc src/encoder.o
                0x0000000008001dd0                Encoder_Configration
 .text.getLeftDistance
                0x0000000008001e8c       0x24 src/encoder.o
                0x0000000008001e8c                getLeftDistance
 .text.getRightDistance
                0x0000000008001eb0       0x20 src/encoder.o
                0x0000000008001eb0                getRightDistance
 .text.update_speed
                0x0000000008001ed0       0x64 src/encoder.o
                0x0000000008001ed0                update_speed
 .text.LED_Configuration
                0x0000000008001f34       0x98 src/led.o
                0x0000000008001f34                LED_Configuration
 .text.main     0x0000000008001fcc       0x18 src/main.o
                0x0000000008001fcc                main
 .text.pid_left_motor
                0x0000000008001fe4       0x74 src/pid.o
                0x0000000008001fe4                pid_left_motor
 .text.pid_right_motor
                0x0000000008002058       0x74 src/pid.o
                0x0000000008002058                pid_right_motor
 .text.sensor_pid_left_motor
                0x00000000080020cc       0x74 src/pid.o
                0x00000000080020cc                sensor_pid_left_motor
 .text.sensor_pid_right_motor
                0x0000000008002140       0x74 src/pid.o
                0x0000000008002140                sensor_pid_right_motor
 .text.pid_reset
                0x00000000080021b4       0x38 src/pid.o
                0x00000000080021b4                pid_reset
 .text.TIM4_GPIO_Config
                0x00000000080021ec       0x64 src/pwm.o
                0x00000000080021ec                TIM4_GPIO_Config
 .text.TIM4_Mode_Config
                0x0000000008002250       0xc8 src/pwm.o
                0x0000000008002250                TIM4_Mode_Config
 .text.PWM_Configuration
                0x0000000008002318       0x10 src/pwm.o
                0x0000000008002318                PWM_Configuration
 .text.setLeftPwm
                0x0000000008002328       0x74 src/pwm.o
                0x0000000008002328                setLeftPwm
 .text.setRightPwm
                0x000000000800239c       0x74 src/pwm.o
                0x000000000800239c                setRightPwm
 .text.readSensor
                0x0000000008002410      0x1d8 src/sensor.o
                0x0000000008002410                readSensor
 .text.readFrontSensor
                0x00000000080025e8       0xf0 src/sensor.o
                0x00000000080025e8                readFrontSensor
 .text.read_side_sensors
                0x00000000080026d8      0x100 src/sensor.o
                0x00000000080026d8                read_side_sensors
 .text.NMI_Handler
                0x00000000080027d8       0x10 src/stm32f4xx_it.o
                0x00000000080027d8                NMI_Handler
 .text.HardFault_Handler
                0x00000000080027e8        0x8 src/stm32f4xx_it.o
                0x00000000080027e8                HardFault_Handler
 .text.MemManage_Handler
                0x00000000080027f0        0x8 src/stm32f4xx_it.o
                0x00000000080027f0                MemManage_Handler
 .text.BusFault_Handler
                0x00000000080027f8        0x8 src/stm32f4xx_it.o
                0x00000000080027f8                BusFault_Handler
 .text.UsageFault_Handler
                0x0000000008002800        0x8 src/stm32f4xx_it.o
                0x0000000008002800                UsageFault_Handler
 .text.SVC_Handler
                0x0000000008002808       0x10 src/stm32f4xx_it.o
                0x0000000008002808                SVC_Handler
 .text.DebugMon_Handler
                0x0000000008002818       0x10 src/stm32f4xx_it.o
                0x0000000008002818                DebugMon_Handler
 .text.PendSV_Handler
                0x0000000008002828       0x10 src/stm32f4xx_it.o
                0x0000000008002828                PendSV_Handler
 .text.SysTick_Handler
                0x0000000008002838       0x1c src/stm32f4xx_it.o
                0x0000000008002838                SysTick_Handler
 .text.SystemInit
                0x0000000008002854       0x6c src/system_stm32f4xx.o
                0x0000000008002854                SystemInit
 .text.SystemCoreClockUpdate
                0x00000000080028c0       0xfc src/system_stm32f4xx.o
                0x00000000080028c0                SystemCoreClockUpdate
 .text.SetSysClock
                0x00000000080029bc       0xf8 src/system_stm32f4xx.o
 .text.Reset_Handler
                0x0000000008002ab4       0x48 startup/startup_stm32.o
                0x0000000008002ab4                Reset_Handler
 .text.__libc_init_array
                0x0000000008002afc       0x50 /Applications/Ac6/SystemWorkbench.app/Contents/Eclipse/plugins/fr.ac6.mcu.externaltools.arm-none.macos64_1.13.1.201703061524/tools/compiler/bin/../lib/gcc/arm-none-eabi/5.4.1/../../../../arm-none-eabi/lib/armv7e-m/fpu/libc.a(lib_a-init.o)
                0x0000000008002afc                __libc_init_array
 .text.startup.register_fini
                0x0000000008002b4c       0x14 /Applications/Ac6/SystemWorkbench.app/Contents/Eclipse/plugins/fr.ac6.mcu.externaltools.arm-none.macos64_1.13.1.201703061524/tools/compiler/bin/../lib/gcc/arm-none-eabi/5.4.1/../../../../arm-none-eabi/lib/armv7e-m/fpu/libc.a(lib_a-__call_atexit.o)
 .text.atexit   0x0000000008002b60        0xc /Applications/Ac6/SystemWorkbench.app/Contents/Eclipse/plugins/fr.ac6.mcu.externaltools.arm-none.macos64_1.13.1.201703061524/tools/compiler/bin/../lib/gcc/arm-none-eabi/5.4.1/../../../../arm-none-eabi/lib/armv7e-m/fpu/libc.a(lib_a-atexit.o)
                0x0000000008002b60                atexit
 .text.__libc_fini_array
                0x0000000008002b6c       0x28 /Applications/Ac6/SystemWorkbench.app/Contents/Eclipse/plugins/fr.ac6.mcu.externaltools.arm-none.macos64_1.13.1.201703061524/tools/compiler/bin/../lib/gcc/arm-none-eabi/5.4.1/../../../../arm-none-eabi/lib/armv7e-m/fpu/libc.a(lib_a-fini.o)
                0x0000000008002b6c                __libc_fini_array
 .text.__register_exitproc
                0x0000000008002b94       0xa4 /Applications/Ac6/SystemWorkbench.app/Contents/Eclipse/plugins/fr.ac6.mcu.externaltools.arm-none.macos64_1.13.1.201703061524/tools/compiler/bin/../lib/gcc/arm-none-eabi/5.4.1/../../../../arm-none-eabi/lib/armv7e-m/fpu/libc.a(lib_a-__atexit.o)
                0x0000000008002b94                __register_exitproc
 *(.glue_7)
 .glue_7        0x0000000008002c38        0x0 linker stubs
 *(.glue_7t)
 .glue_7t       0x0000000008002c38        0x0 linker stubs
 *(.eh_frame)
 .eh_frame      0x0000000008002c38        0x0 /Applications/Ac6/SystemWorkbench.app/Contents/Eclipse/plugins/fr.ac6.mcu.externaltools.arm-none.macos64_1.13.1.201703061524/tools/compiler/bin/../lib/gcc/arm-none-eabi/5.4.1/armv7e-m/fpu/crtbegin.o
 *(.init)
 .init          0x0000000008002c38        0x4 /Applications/Ac6/SystemWorkbench.app/Contents/Eclipse/plugins/fr.ac6.mcu.externaltools.arm-none.macos64_1.13.1.201703061524/tools/compiler/bin/../lib/gcc/arm-none-eabi/5.4.1/armv7e-m/fpu/crti.o
                0x0000000008002c38                _init
 .init          0x0000000008002c3c        0x8 /Applications/Ac6/SystemWorkbench.app/Contents/Eclipse/plugins/fr.ac6.mcu.externaltools.arm-none.macos64_1.13.1.201703061524/tools/compiler/bin/../lib/gcc/arm-none-eabi/5.4.1/armv7e-m/fpu/crtn.o
 *(.fini)
 .fini          0x0000000008002c44        0x4 /Applications/Ac6/SystemWorkbench.app/Contents/Eclipse/plugins/fr.ac6.mcu.externaltools.arm-none.macos64_1.13.1.201703061524/tools/compiler/bin/../lib/gcc/arm-none-eabi/5.4.1/armv7e-m/fpu/crti.o
                0x0000000008002c44                _fini
 .fini          0x0000000008002c48        0x8 /Applications/Ac6/SystemWorkbench.app/Contents/Eclipse/plugins/fr.ac6.mcu.externaltools.arm-none.macos64_1.13.1.201703061524/tools/compiler/bin/../lib/gcc/arm-none-eabi/5.4.1/armv7e-m/fpu/crtn.o
                0x0000000008002c50                . = ALIGN (0x4)
                0x0000000008002c50                _etext = .

.vfp11_veneer   0x0000000008002c50        0x0
 .vfp11_veneer  0x0000000008002c50        0x0 linker stubs

.v4_bx          0x0000000008002c50        0x0
 .v4_bx         0x0000000008002c50        0x0 linker stubs

.iplt           0x0000000008002c50        0x0
 .iplt          0x0000000008002c50        0x0 /Applications/Ac6/SystemWorkbench.app/Contents/Eclipse/plugins/fr.ac6.mcu.externaltools.arm-none.macos64_1.13.1.201703061524/tools/compiler/bin/../lib/gcc/arm-none-eabi/5.4.1/armv7e-m/fpu/crtbegin.o

.rodata         0x0000000008002c50        0x4
                0x0000000008002c50                . = ALIGN (0x4)
 *(.rodata)
 *(.rodata*)
 .rodata._global_impure_ptr
                0x0000000008002c50        0x4 /Applications/Ac6/SystemWorkbench.app/Contents/Eclipse/plugins/fr.ac6.mcu.externaltools.arm-none.macos64_1.13.1.201703061524/tools/compiler/bin/../lib/gcc/arm-none-eabi/5.4.1/../../../../arm-none-eabi/lib/armv7e-m/fpu/libc.a(lib_a-impure.o)
                0x0000000008002c50                _global_impure_ptr
                0x0000000008002c54                . = ALIGN (0x4)

.rel.dyn        0x0000000008002c54        0x0
 .rel.iplt      0x0000000008002c54        0x0 /Applications/Ac6/SystemWorkbench.app/Contents/Eclipse/plugins/fr.ac6.mcu.externaltools.arm-none.macos64_1.13.1.201703061524/tools/compiler/bin/../lib/gcc/arm-none-eabi/5.4.1/armv7e-m/fpu/crtbegin.o

.ARM.extab      0x0000000008002c54        0x0
                0x0000000008002c54                . = ALIGN (0x4)
 *(.ARM.extab* .gnu.linkonce.armextab.*)
                0x0000000008002c54                . = ALIGN (0x4)

.ARM            0x0000000008002c54        0x0
                0x0000000008002c54                . = ALIGN (0x4)
                0x0000000008002c54                __exidx_start = .
 *(.ARM.exidx*)
                0x0000000008002c54                __exidx_end = .
                0x0000000008002c54                . = ALIGN (0x4)

.preinit_array  0x0000000008002c54        0x0
                0x0000000008002c54                . = ALIGN (0x4)
                0x0000000008002c54                PROVIDE (__preinit_array_start, .)
 *(.preinit_array*)
                0x0000000008002c54                PROVIDE (__preinit_array_end, .)
                0x0000000008002c54                . = ALIGN (0x4)

.init_array     0x0000000008002c54        0x8
                0x0000000008002c54                . = ALIGN (0x4)
                0x0000000008002c54                PROVIDE (__init_array_start, .)
 *(SORT(.init_array.*))
 .init_array.00000
                0x0000000008002c54        0x4 /Applications/Ac6/SystemWorkbench.app/Contents/Eclipse/plugins/fr.ac6.mcu.externaltools.arm-none.macos64_1.13.1.201703061524/tools/compiler/bin/../lib/gcc/arm-none-eabi/5.4.1/../../../../arm-none-eabi/lib/armv7e-m/fpu/libc.a(lib_a-__call_atexit.o)
 *(.init_array*)
 .init_array    0x0000000008002c58        0x4 /Applications/Ac6/SystemWorkbench.app/Contents/Eclipse/plugins/fr.ac6.mcu.externaltools.arm-none.macos64_1.13.1.201703061524/tools/compiler/bin/../lib/gcc/arm-none-eabi/5.4.1/armv7e-m/fpu/crtbegin.o
                0x0000000008002c5c                PROVIDE (__init_array_end, .)
                0x0000000008002c5c                . = ALIGN (0x4)

.fini_array     0x0000000008002c5c        0x4
                0x0000000008002c5c                . = ALIGN (0x4)
                0x0000000008002c5c                PROVIDE (__fini_array_start, .)
 *(SORT(.fini_array.*))
 *(.fini_array*)
 .fini_array    0x0000000008002c5c        0x4 /Applications/Ac6/SystemWorkbench.app/Contents/Eclipse/plugins/fr.ac6.mcu.externaltools.arm-none.macos64_1.13.1.201703061524/tools/compiler/bin/../lib/gcc/arm-none-eabi/5.4.1/armv7e-m/fpu/crtbegin.o
                0x0000000008002c60                PROVIDE (__fini_array_end, .)
                0x0000000008002c60                . = ALIGN (0x4)
                0x0000000008002c60                _sidata = LOADADDR (.data)

.data           0x0000000020000000      0x440 load address 0x0000000008002c60
                0x0000000020000000                . = ALIGN (0x4)
                0x0000000020000000                _sdata = .
 *(.data)
 .data          0x0000000020000000       0x14 src/system_stm32f4xx.o
                0x0000000020000000                SystemCoreClock
                0x0000000020000004                AHBPrescTable
 *(.data*)
 *fill*         0x0000000020000014        0x4 
 .data.impure_data
                0x0000000020000018      0x428 /Applications/Ac6/SystemWorkbench.app/Contents/Eclipse/plugins/fr.ac6.mcu.externaltools.arm-none.macos64_1.13.1.201703061524/tools/compiler/bin/../lib/gcc/arm-none-eabi/5.4.1/../../../../arm-none-eabi/lib/armv7e-m/fpu/libc.a(lib_a-impure.o)
                0x0000000020000440                . = ALIGN (0x4)
                0x0000000020000440                _edata = .

.jcr            0x0000000020000440        0x0 load address 0x00000000080030a0
 .jcr           0x0000000020000440        0x0 /Applications/Ac6/SystemWorkbench.app/Contents/Eclipse/plugins/fr.ac6.mcu.externaltools.arm-none.macos64_1.13.1.201703061524/tools/compiler/bin/../lib/gcc/arm-none-eabi/5.4.1/armv7e-m/fpu/crtbegin.o

.igot.plt       0x0000000020000440        0x0 load address 0x00000000080030a0
 .igot.plt      0x0000000020000440        0x0 /Applications/Ac6/SystemWorkbench.app/Contents/Eclipse/plugins/fr.ac6.mcu.externaltools.arm-none.macos64_1.13.1.201703061524/tools/compiler/bin/../lib/gcc/arm-none-eabi/5.4.1/armv7e-m/fpu/crtbegin.o
                0x0000000020000440                . = ALIGN (0x4)

.bss            0x0000000020000440      0x474 load address 0x00000000080030a0
                0x0000000020000440                _sbss = .
                0x0000000020000440                __bss_start__ = _sbss
 *(.bss)
 .bss           0x0000000020000440       0x1c /Applications/Ac6/SystemWorkbench.app/Contents/Eclipse/plugins/fr.ac6.mcu.externaltools.arm-none.macos64_1.13.1.201703061524/tools/compiler/bin/../lib/gcc/arm-none-eabi/5.4.1/armv7e-m/fpu/crtbegin.o
 .bss           0x000000002000045c       0x10 src/Runner.o
 .bss           0x000000002000046c       0x10 src/encoder.o
                0x000000002000046c                global_left_dist
                0x0000000020000470                global_right_dist
                0x0000000020000474                global_left_speed
                0x0000000020000478                global_right_speed
 .bss           0x000000002000047c        0x8 src/pwm.o
                0x000000002000047c                CCR1_Val
                0x000000002000047e                CCR2_Val
                0x0000000020000480                CCR3_Val
                0x0000000020000482                CCR4_Val
 .bss           0x0000000020000484       0x18 src/sensor.o
                0x0000000020000484                volMeter
                0x0000000020000488                voltage
                0x000000002000048c                FLSensor
                0x0000000020000490                FRSensor
                0x0000000020000494                LDSensor
                0x0000000020000498                RDSensor
 *(.bss*)
 *(COMMON)
 COMMON         0x000000002000049c        0x8 src/Controller.o
                0x000000002000049c                Micros
                0x00000000200004a0                Millis
 COMMON         0x00000000200004a4      0x400 src/Runner.o
                0x00000000200004a4                maze
 COMMON         0x00000000200008a4       0x10 src/pid.o
                0x00000000200008a4                left_intergral
                0x00000000200008a8                right_old_err
                0x00000000200008ac                right_intergral
                0x00000000200008b0                left_old_err
                0x00000000200008b4                . = ALIGN (0x4)
                0x00000000200008b4                _ebss = .
                0x00000000200008b4                __bss_end__ = _ebss

._user_heap_stack
                0x00000000200008b4      0x404 load address 0x00000000080030a0
                0x00000000200008b8                . = ALIGN (0x8)
 *fill*         0x00000000200008b4        0x4 
                0x00000000200008b8                PROVIDE (end, .)
                [!provide]                        PROVIDE (_end, .)
                0x00000000200008b8                . = (. + _Min_Heap_Size)
                0x0000000020000cb8                . = (. + _Min_Stack_Size)
 *fill*         0x00000000200008b8      0x400 
                0x0000000020000cb8                . = ALIGN (0x8)

/DISCARD/
 libc.a(*)
 libm.a(*)
 libgcc.a(*)

.ARM.attributes
                0x0000000000000000       0x30
 *(.ARM.attributes)
 .ARM.attributes
                0x0000000000000000       0x22 /Applications/Ac6/SystemWorkbench.app/Contents/Eclipse/plugins/fr.ac6.mcu.externaltools.arm-none.macos64_1.13.1.201703061524/tools/compiler/bin/../lib/gcc/arm-none-eabi/5.4.1/armv7e-m/fpu/crti.o
 .ARM.attributes
                0x0000000000000022       0x34 /Applications/Ac6/SystemWorkbench.app/Contents/Eclipse/plugins/fr.ac6.mcu.externaltools.arm-none.macos64_1.13.1.201703061524/tools/compiler/bin/../lib/gcc/arm-none-eabi/5.4.1/armv7e-m/fpu/crtbegin.o
 .ARM.attributes
                0x0000000000000056       0x39 StdPeriph_Driver/src/misc.o
 .ARM.attributes
                0x000000000000008f       0x39 StdPeriph_Driver/src/stm32f4xx_adc.o
 .ARM.attributes
                0x00000000000000c8       0x39 StdPeriph_Driver/src/stm32f4xx_gpio.o
 .ARM.attributes
                0x0000000000000101       0x39 StdPeriph_Driver/src/stm32f4xx_rcc.o
 .ARM.attributes
                0x000000000000013a       0x39 StdPeriph_Driver/src/stm32f4xx_tim.o
 .ARM.attributes
                0x0000000000000173       0x39 src/Controller.o
 .ARM.attributes
                0x00000000000001ac       0x39 src/Driver.o
 .ARM.attributes
                0x00000000000001e5       0x39 src/Runner.o
 .ARM.attributes
                0x000000000000021e       0x39 src/adc.o
 .ARM.attributes
                0x0000000000000257       0x39 src/delay.o
 .ARM.attributes
                0x0000000000000290       0x39 src/encoder.o
 .ARM.attributes
                0x00000000000002c9       0x39 src/led.o
 .ARM.attributes
                0x0000000000000302       0x39 src/main.o
 .ARM.attributes
                0x000000000000033b       0x39 src/pid.o
 .ARM.attributes
                0x0000000000000374       0x39 src/pwm.o
 .ARM.attributes
                0x00000000000003ad       0x39 src/sensor.o
 .ARM.attributes
                0x00000000000003e6       0x39 src/stm32f4xx_it.o
 .ARM.attributes
                0x000000000000041f       0x39 src/system_stm32f4xx.o
 .ARM.attributes
                0x0000000000000458       0x25 startup/startup_stm32.o
 .ARM.attributes
                0x000000000000047d       0x34 /Applications/Ac6/SystemWorkbench.app/Contents/Eclipse/plugins/fr.ac6.mcu.externaltools.arm-none.macos64_1.13.1.201703061524/tools/compiler/bin/../lib/gcc/arm-none-eabi/5.4.1/../../../../arm-none-eabi/lib/armv7e-m/fpu/libc.a(lib_a-impure.o)
 .ARM.attributes
                0x00000000000004b1       0x34 /Applications/Ac6/SystemWorkbench.app/Contents/Eclipse/plugins/fr.ac6.mcu.externaltools.arm-none.macos64_1.13.1.201703061524/tools/compiler/bin/../lib/gcc/arm-none-eabi/5.4.1/../../../../arm-none-eabi/lib/armv7e-m/fpu/libc.a(lib_a-init.o)
 .ARM.attributes
                0x00000000000004e5       0x34 /Applications/Ac6/SystemWorkbench.app/Contents/Eclipse/plugins/fr.ac6.mcu.externaltools.arm-none.macos64_1.13.1.201703061524/tools/compiler/bin/../lib/gcc/arm-none-eabi/5.4.1/../../../../arm-none-eabi/lib/armv7e-m/fpu/libc.a(lib_a-__call_atexit.o)
 .ARM.attributes
                0x0000000000000519       0x34 /Applications/Ac6/SystemWorkbench.app/Contents/Eclipse/plugins/fr.ac6.mcu.externaltools.arm-none.macos64_1.13.1.201703061524/tools/compiler/bin/../lib/gcc/arm-none-eabi/5.4.1/../../../../arm-none-eabi/lib/armv7e-m/fpu/libc.a(lib_a-atexit.o)
 .ARM.attributes
                0x000000000000054d       0x34 /Applications/Ac6/SystemWorkbench.app/Contents/Eclipse/plugins/fr.ac6.mcu.externaltools.arm-none.macos64_1.13.1.201703061524/tools/compiler/bin/../lib/gcc/arm-none-eabi/5.4.1/../../../../arm-none-eabi/lib/armv7e-m/fpu/libc.a(lib_a-fini.o)
 .ARM.attributes
                0x0000000000000581       0x34 /Applications/Ac6/SystemWorkbench.app/Contents/Eclipse/plugins/fr.ac6.mcu.externaltools.arm-none.macos64_1.13.1.201703061524/tools/compiler/bin/../lib/gcc/arm-none-eabi/5.4.1/../../../../arm-none-eabi/lib/armv7e-m/fpu/libc.a(lib_a-__atexit.o)
 .ARM.attributes
                0x00000000000005b5       0x22 /Applications/Ac6/SystemWorkbench.app/Contents/Eclipse/plugins/fr.ac6.mcu.externaltools.arm-none.macos64_1.13.1.201703061524/tools/compiler/bin/../lib/gcc/arm-none-eabi/5.4.1/armv7e-m/fpu/crtn.o
OUTPUT(Micromouse.elf elf32-littlearm)

.debug_info     0x0000000000000000     0x7426
 .debug_info    0x0000000000000000      0x55e StdPeriph_Driver/src/misc.o
 .debug_info    0x000000000000055e      0xc48 StdPeriph_Driver/src/stm32f4xx_adc.o
 .debug_info    0x00000000000011a6      0x625 StdPeriph_Driver/src/stm32f4xx_gpio.o
 .debug_info    0x00000000000017cb      0xe60 StdPeriph_Driver/src/stm32f4xx_rcc.o
 .debug_info    0x000000000000262b     0x1c71 StdPeriph_Driver/src/stm32f4xx_tim.o
 .debug_info    0x000000000000429c      0x34a src/Controller.o
 .debug_info    0x00000000000045e6      0x1d9 src/Driver.o
 .debug_info    0x00000000000047bf      0x20d src/Runner.o
 .debug_info    0x00000000000049cc      0x53a src/adc.o
 .debug_info    0x0000000000004f06      0x7cd src/delay.o
 .debug_info    0x00000000000056d3      0x598 src/encoder.o
 .debug_info    0x0000000000005c6b      0x2bd src/led.o
 .debug_info    0x0000000000005f28      0x134 src/main.o
 .debug_info    0x000000000000605c      0x19b src/pid.o
 .debug_info    0x00000000000061f7      0x65a src/pwm.o
 .debug_info    0x0000000000006851      0x3e4 src/sensor.o
 .debug_info    0x0000000000006c35      0x180 src/stm32f4xx_it.o
 .debug_info    0x0000000000006db5      0x611 src/system_stm32f4xx.o
 .debug_info    0x00000000000073c6       0x60 startup/startup_stm32.o

.debug_abbrev   0x0000000000000000     0x15dc
 .debug_abbrev  0x0000000000000000      0x14c StdPeriph_Driver/src/misc.o
 .debug_abbrev  0x000000000000014c      0x19d StdPeriph_Driver/src/stm32f4xx_adc.o
 .debug_abbrev  0x00000000000002e9      0x1ac StdPeriph_Driver/src/stm32f4xx_gpio.o
 .debug_abbrev  0x0000000000000495      0x1c1 StdPeriph_Driver/src/stm32f4xx_rcc.o
 .debug_abbrev  0x0000000000000656      0x18e StdPeriph_Driver/src/stm32f4xx_tim.o
 .debug_abbrev  0x00000000000007e4      0x158 src/Controller.o
 .debug_abbrev  0x000000000000093c       0x83 src/Driver.o
 .debug_abbrev  0x00000000000009bf       0xd0 src/Runner.o
 .debug_abbrev  0x0000000000000a8f      0x152 src/adc.o
 .debug_abbrev  0x0000000000000be1      0x1ee src/delay.o
 .debug_abbrev  0x0000000000000dcf      0x174 src/encoder.o
 .debug_abbrev  0x0000000000000f43      0x108 src/led.o
 .debug_abbrev  0x000000000000104b       0x8a src/main.o
 .debug_abbrev  0x00000000000010d5       0x8c src/pid.o
 .debug_abbrev  0x0000000000001161      0x17f src/pwm.o
 .debug_abbrev  0x00000000000012e0      0x10d src/sensor.o
 .debug_abbrev  0x00000000000013ed       0xa0 src/stm32f4xx_it.o
 .debug_abbrev  0x000000000000148d      0x13d src/system_stm32f4xx.o
 .debug_abbrev  0x00000000000015ca       0x12 startup/startup_stm32.o

.debug_aranges  0x0000000000000000      0x9e8
 .debug_aranges
                0x0000000000000000       0x40 StdPeriph_Driver/src/misc.o
 .debug_aranges
                0x0000000000000040      0x148 StdPeriph_Driver/src/stm32f4xx_adc.o
 .debug_aranges
                0x0000000000000188       0x88 StdPeriph_Driver/src/stm32f4xx_gpio.o
 .debug_aranges
                0x0000000000000210      0x1c0 StdPeriph_Driver/src/stm32f4xx_rcc.o
 .debug_aranges
                0x00000000000003d0      0x2f8 StdPeriph_Driver/src/stm32f4xx_tim.o
 .debug_aranges
                0x00000000000006c8       0x38 src/Controller.o
 .debug_aranges
                0x0000000000000700       0x38 src/Driver.o
 .debug_aranges
                0x0000000000000738       0x28 src/Runner.o
 .debug_aranges
                0x0000000000000760       0x28 src/adc.o
 .debug_aranges
                0x0000000000000788       0x60 src/delay.o
 .debug_aranges
                0x00000000000007e8       0x48 src/encoder.o
 .debug_aranges
                0x0000000000000830       0x20 src/led.o
 .debug_aranges
                0x0000000000000850       0x20 src/main.o
 .debug_aranges
                0x0000000000000870       0x40 src/pid.o
 .debug_aranges
                0x00000000000008b0       0x40 src/pwm.o
 .debug_aranges
                0x00000000000008f0       0x40 src/sensor.o
 .debug_aranges
                0x0000000000000930       0x60 src/stm32f4xx_it.o
 .debug_aranges
                0x0000000000000990       0x30 src/system_stm32f4xx.o
 .debug_aranges
                0x00000000000009c0       0x28 startup/startup_stm32.o

.debug_ranges   0x0000000000000000      0x8c0
 .debug_ranges  0x0000000000000000       0x30 StdPeriph_Driver/src/misc.o
 .debug_ranges  0x0000000000000030      0x138 StdPeriph_Driver/src/stm32f4xx_adc.o
 .debug_ranges  0x0000000000000168       0x78 StdPeriph_Driver/src/stm32f4xx_gpio.o
 .debug_ranges  0x00000000000001e0      0x1b0 StdPeriph_Driver/src/stm32f4xx_rcc.o
 .debug_ranges  0x0000000000000390      0x2e8 StdPeriph_Driver/src/stm32f4xx_tim.o
 .debug_ranges  0x0000000000000678       0x28 src/Controller.o
 .debug_ranges  0x00000000000006a0       0x28 src/Driver.o
 .debug_ranges  0x00000000000006c8       0x18 src/Runner.o
 .debug_ranges  0x00000000000006e0       0x18 src/adc.o
 .debug_ranges  0x00000000000006f8       0x50 src/delay.o
 .debug_ranges  0x0000000000000748       0x38 src/encoder.o
 .debug_ranges  0x0000000000000780       0x10 src/led.o
 .debug_ranges  0x0000000000000790       0x10 src/main.o
 .debug_ranges  0x00000000000007a0       0x30 src/pid.o
 .debug_ranges  0x00000000000007d0       0x30 src/pwm.o
 .debug_ranges  0x0000000000000800       0x30 src/sensor.o
 .debug_ranges  0x0000000000000830       0x50 src/stm32f4xx_it.o
 .debug_ranges  0x0000000000000880       0x20 src/system_stm32f4xx.o
 .debug_ranges  0x00000000000008a0       0x20 startup/startup_stm32.o

.debug_macro    0x0000000000000000    0x125c6
 .debug_macro   0x0000000000000000      0x1be StdPeriph_Driver/src/misc.o
 .debug_macro   0x00000000000001be      0x8aa StdPeriph_Driver/src/misc.o
 .debug_macro   0x0000000000000a68       0x6b StdPeriph_Driver/src/misc.o
 .debug_macro   0x0000000000000ad3       0x3b StdPeriph_Driver/src/misc.o
 .debug_macro   0x0000000000000b0e       0x22 StdPeriph_Driver/src/misc.o
 .debug_macro   0x0000000000000b30       0x87 StdPeriph_Driver/src/misc.o
 .debug_macro   0x0000000000000bb7       0x44 StdPeriph_Driver/src/misc.o
 .debug_macro   0x0000000000000bfb       0xfd StdPeriph_Driver/src/misc.o
 .debug_macro   0x0000000000000cf8       0x5e StdPeriph_Driver/src/misc.o
 .debug_macro   0x0000000000000d56      0x1df StdPeriph_Driver/src/misc.o
 .debug_macro   0x0000000000000f35       0x34 StdPeriph_Driver/src/misc.o
 .debug_macro   0x0000000000000f69       0x26 StdPeriph_Driver/src/misc.o
 .debug_macro   0x0000000000000f8f      0xe43 StdPeriph_Driver/src/misc.o
 .debug_macro   0x0000000000001dd2     0x91ad StdPeriph_Driver/src/misc.o
 .debug_macro   0x000000000000af7f      0x44f StdPeriph_Driver/src/misc.o
 .debug_macro   0x000000000000b3ce       0xb2 StdPeriph_Driver/src/misc.o
 .debug_macro   0x000000000000b480      0x477 StdPeriph_Driver/src/misc.o
 .debug_macro   0x000000000000b8f7       0xb5 StdPeriph_Driver/src/misc.o
 .debug_macro   0x000000000000b9ac      0x41c StdPeriph_Driver/src/misc.o
 .debug_macro   0x000000000000bdc8      0x2fb StdPeriph_Driver/src/misc.o
 .debug_macro   0x000000000000c0c3      0x2ba StdPeriph_Driver/src/misc.o
 .debug_macro   0x000000000000c37d       0x64 StdPeriph_Driver/src/misc.o
 .debug_macro   0x000000000000c3e1       0xee StdPeriph_Driver/src/misc.o
 .debug_macro   0x000000000000c4cf      0x65f StdPeriph_Driver/src/misc.o
 .debug_macro   0x000000000000cb2e      0x59e StdPeriph_Driver/src/misc.o
 .debug_macro   0x000000000000d0cc      0x342 StdPeriph_Driver/src/misc.o
 .debug_macro   0x000000000000d40e      0x36c StdPeriph_Driver/src/misc.o
 .debug_macro   0x000000000000d77a      0x114 StdPeriph_Driver/src/misc.o
 .debug_macro   0x000000000000d88e      0x73b StdPeriph_Driver/src/misc.o
 .debug_macro   0x000000000000dfc9      0x223 StdPeriph_Driver/src/misc.o
 .debug_macro   0x000000000000e1ec       0x34 StdPeriph_Driver/src/misc.o
 .debug_macro   0x000000000000e220      0x144 StdPeriph_Driver/src/misc.o
 .debug_macro   0x000000000000e364       0xc3 StdPeriph_Driver/src/misc.o
 .debug_macro   0x000000000000e427       0x40 StdPeriph_Driver/src/misc.o
 .debug_macro   0x000000000000e467      0x3cf StdPeriph_Driver/src/misc.o
 .debug_macro   0x000000000000e836      0x188 StdPeriph_Driver/src/misc.o
 .debug_macro   0x000000000000e9be      0x149 StdPeriph_Driver/src/misc.o
 .debug_macro   0x000000000000eb07       0x35 StdPeriph_Driver/src/misc.o
 .debug_macro   0x000000000000eb3c       0x7c StdPeriph_Driver/src/misc.o
 .debug_macro   0x000000000000ebb8      0x240 StdPeriph_Driver/src/stm32f4xx_adc.o
 .debug_macro   0x000000000000edf8       0x82 StdPeriph_Driver/src/stm32f4xx_adc.o
 .debug_macro   0x000000000000ee7a      0x1bc StdPeriph_Driver/src/stm32f4xx_gpio.o
 .debug_macro   0x000000000000f036      0x2f5 StdPeriph_Driver/src/stm32f4xx_gpio.o
 .debug_macro   0x000000000000f32b      0x28b StdPeriph_Driver/src/stm32f4xx_rcc.o
 .debug_macro   0x000000000000f5b6      0x1e6 StdPeriph_Driver/src/stm32f4xx_tim.o
 .debug_macro   0x000000000000f79c      0x735 StdPeriph_Driver/src/stm32f4xx_tim.o
 .debug_macro   0x000000000000fed1      0x37a src/Controller.o
 .debug_macro   0x000000000001024b       0x4c src/Controller.o
 .debug_macro   0x0000000000010297       0x8d src/Controller.o
 .debug_macro   0x0000000000010324       0x35 src/Controller.o
 .debug_macro   0x0000000000010359       0x9c src/Controller.o
 .debug_macro   0x00000000000103f5       0x16 src/Controller.o
 .debug_macro   0x000000000001040b       0x4a src/Controller.o
 .debug_macro   0x0000000000010455       0x97 src/Controller.o
 .debug_macro   0x00000000000104ec      0x30d src/Controller.o
 .debug_macro   0x00000000000107f9       0xfd src/Controller.o
 .debug_macro   0x00000000000108f6       0x10 src/Controller.o
 .debug_macro   0x0000000000010906       0x52 src/Controller.o
 .debug_macro   0x0000000000010958       0x1f src/Controller.o
 .debug_macro   0x0000000000010977       0x43 src/Controller.o
 .debug_macro   0x00000000000109ba       0x20 src/Controller.o
 .debug_macro   0x00000000000109da      0x187 src/Controller.o
 .debug_macro   0x0000000000010b61       0x10 src/Controller.o
 .debug_macro   0x0000000000010b71       0x1c src/Controller.o
 .debug_macro   0x0000000000010b8d       0x52 src/Controller.o
 .debug_macro   0x0000000000010bdf       0x40 src/Controller.o
 .debug_macro   0x0000000000010c1f       0x10 src/Controller.o
 .debug_macro   0x0000000000010c2f       0x40 src/Controller.o
 .debug_macro   0x0000000000010c6f       0xd7 src/Controller.o
 .debug_macro   0x0000000000010d46       0x16 src/Controller.o
 .debug_macro   0x0000000000010d5c      0x18b src/Controller.o
 .debug_macro   0x0000000000010ee7       0x22 src/Controller.o
 .debug_macro   0x0000000000010f09       0x10 src/Controller.o
 .debug_macro   0x0000000000010f19       0x8e src/Controller.o
 .debug_macro   0x0000000000010fa7       0x16 src/Controller.o
 .debug_macro   0x0000000000010fbd       0x35 src/Controller.o
 .debug_macro   0x0000000000010ff2       0x16 src/Controller.o
 .debug_macro   0x0000000000011008       0x29 src/Controller.o
 .debug_macro   0x0000000000011031       0x28 src/Controller.o
 .debug_macro   0x0000000000011059       0xe2 src/Controller.o
 .debug_macro   0x000000000001113b       0x2f src/Driver.o
 .debug_macro   0x000000000001116a       0x2e src/Driver.o
 .debug_macro   0x0000000000011198      0x1ee src/Runner.o
 .debug_macro   0x0000000000011386      0x1c0 src/adc.o
 .debug_macro   0x0000000000011546      0x1c6 src/delay.o
 .debug_macro   0x000000000001170c      0x1ae src/encoder.o
 .debug_macro   0x00000000000118ba      0x1ae src/led.o
 .debug_macro   0x0000000000011a68      0x217 src/main.o
 .debug_macro   0x0000000000011c7f       0x59 src/pid.o
 .debug_macro   0x0000000000011cd8      0x1cc src/pwm.o
 .debug_macro   0x0000000000011ea4      0x324 src/sensor.o
 .debug_macro   0x00000000000121c8       0x52 src/sensor.o
 .debug_macro   0x000000000001221a      0x1da src/stm32f4xx_it.o
 .debug_macro   0x00000000000123f4      0x1d2 src/system_stm32f4xx.o

.debug_line     0x0000000000000000     0x827e
 .debug_line    0x0000000000000000      0x698 StdPeriph_Driver/src/misc.o
 .debug_line    0x0000000000000698      0x9ae StdPeriph_Driver/src/stm32f4xx_adc.o
 .debug_line    0x0000000000001046      0x7c0 StdPeriph_Driver/src/stm32f4xx_gpio.o
 .debug_line    0x0000000000001806      0xab4 StdPeriph_Driver/src/stm32f4xx_rcc.o
 .debug_line    0x00000000000022ba      0xf12 StdPeriph_Driver/src/stm32f4xx_tim.o
 .debug_line    0x00000000000031cc      0x89c src/Controller.o
 .debug_line    0x0000000000003a68       0xf3 src/Driver.o
 .debug_line    0x0000000000003b5b      0x822 src/Runner.o
 .debug_line    0x000000000000437d      0x696 src/adc.o
 .debug_line    0x0000000000004a13      0x730 src/delay.o
 .debug_line    0x0000000000005143      0x698 src/encoder.o
 .debug_line    0x00000000000057db      0x636 src/led.o
 .debug_line    0x0000000000005e11      0x6d0 src/main.o
 .debug_line    0x00000000000064e1       0x9a src/pid.o
 .debug_line    0x000000000000657b      0x6a8 src/pwm.o
 .debug_line    0x0000000000006c23      0x80e src/sensor.o
 .debug_line    0x0000000000007431      0x71f src/stm32f4xx_it.o
 .debug_line    0x0000000000007b50      0x6b5 src/system_stm32f4xx.o
 .debug_line    0x0000000000008205       0x79 startup/startup_stm32.o

.debug_str      0x0000000000000000    0x6596e
 .debug_str     0x0000000000000000    0x5e20d StdPeriph_Driver/src/misc.o
                                      0x5e3b6 (size before relaxing)
 .debug_str     0x000000000005e20d      0x91f StdPeriph_Driver/src/stm32f4xx_adc.o
                                      0x5eaa5 (size before relaxing)
 .debug_str     0x000000000005eb2c      0x2b6 StdPeriph_Driver/src/stm32f4xx_gpio.o
                                      0x5e45e (size before relaxing)
 .debug_str     0x000000000005ede2      0xd65 StdPeriph_Driver/src/stm32f4xx_rcc.o
                                      0x5ef6b (size before relaxing)
 .debug_str     0x000000000005fb47      0xc1b StdPeriph_Driver/src/stm32f4xx_tim.o
                                      0x5ee55 (size before relaxing)
 .debug_str     0x0000000000060762     0x4516 src/Controller.o
                                      0x62741 (size before relaxing)
 .debug_str     0x0000000000064c78      0x121 src/Driver.o
                                       0x28b7 (size before relaxing)
 .debug_str     0x0000000000064d99       0xb0 src/Runner.o
                                      0x5e53d (size before relaxing)
 .debug_str     0x0000000000064e49       0x70 src/adc.o
                                      0x5eb41 (size before relaxing)
 .debug_str     0x0000000000064eb9      0x5ba src/delay.o
                                      0x5e84c (size before relaxing)
 .debug_str     0x0000000000065473       0xa2 src/encoder.o
                                      0x5e494 (size before relaxing)
 .debug_str     0x0000000000065515       0x1f src/led.o
                                      0x5e2f2 (size before relaxing)
 .debug_str     0x0000000000065534       0x38 src/main.o
                                      0x5e90f (size before relaxing)
 .debug_str     0x000000000006556c       0xfb src/pid.o
                                       0x262f (size before relaxing)
 .debug_str     0x0000000000065667      0x11c src/pwm.o
                                      0x5e5d8 (size before relaxing)
 .debug_str     0x0000000000065783       0x6c src/sensor.o
                                      0x625da (size before relaxing)
 .debug_str     0x00000000000657ef       0xb8 src/stm32f4xx_it.o
                                      0x5e262 (size before relaxing)
 .debug_str     0x00000000000658a7       0xc7 src/system_stm32f4xx.o
                                      0x5e3c1 (size before relaxing)

.comment        0x0000000000000000       0x6e
 .comment       0x0000000000000000       0x6e StdPeriph_Driver/src/misc.o
                                         0x6f (size before relaxing)
 .comment       0x000000000000006e       0x6f StdPeriph_Driver/src/stm32f4xx_adc.o
 .comment       0x000000000000006e       0x6f StdPeriph_Driver/src/stm32f4xx_gpio.o
 .comment       0x000000000000006e       0x6f StdPeriph_Driver/src/stm32f4xx_rcc.o
 .comment       0x000000000000006e       0x6f StdPeriph_Driver/src/stm32f4xx_tim.o
 .comment       0x000000000000006e       0x6f src/Controller.o
 .comment       0x000000000000006e       0x6f src/Driver.o
 .comment       0x000000000000006e       0x6f src/Runner.o
 .comment       0x000000000000006e       0x6f src/adc.o
 .comment       0x000000000000006e       0x6f src/delay.o
 .comment       0x000000000000006e       0x6f src/encoder.o
 .comment       0x000000000000006e       0x6f src/led.o
 .comment       0x000000000000006e       0x6f src/main.o
 .comment       0x000000000000006e       0x6f src/pid.o
 .comment       0x000000000000006e       0x6f src/pwm.o
 .comment       0x000000000000006e       0x6f src/sensor.o
 .comment       0x000000000000006e       0x6f src/stm32f4xx_it.o
 .comment       0x000000000000006e       0x6f src/system_stm32f4xx.o

.debug_frame    0x0000000000000000     0x28e0
 .debug_frame   0x0000000000000000       0xd8 StdPeriph_Driver/src/misc.o
 .debug_frame   0x00000000000000d8      0x5ec StdPeriph_Driver/src/stm32f4xx_adc.o
 .debug_frame   0x00000000000006c4      0x23c StdPeriph_Driver/src/stm32f4xx_gpio.o
 .debug_frame   0x0000000000000900      0x83c StdPeriph_Driver/src/stm32f4xx_rcc.o
 .debug_frame   0x000000000000113c      0xe54 StdPeriph_Driver/src/stm32f4xx_tim.o
 .debug_frame   0x0000000000001f90       0x98 src/Controller.o
 .debug_frame   0x0000000000002028       0x98 src/Driver.o
 .debug_frame   0x00000000000020c0       0x60 src/Runner.o
 .debug_frame   0x0000000000002120       0x58 src/adc.o
 .debug_frame   0x0000000000002178      0x14c src/delay.o
 .debug_frame   0x00000000000022c4       0xe4 src/encoder.o
 .debug_frame   0x00000000000023a8       0x34 src/led.o
 .debug_frame   0x00000000000023dc       0x2c src/main.o
 .debug_frame   0x0000000000002408       0xd0 src/pid.o
 .debug_frame   0x00000000000024d8       0xc4 src/pwm.o
 .debug_frame   0x000000000000259c       0xb8 src/sensor.o
 .debug_frame   0x0000000000002654      0x10c src/stm32f4xx_it.o
 .debug_frame   0x0000000000002760       0x7c src/system_stm32f4xx.o
 .debug_frame   0x00000000000027dc       0x2c /Applications/Ac6/SystemWorkbench.app/Contents/Eclipse/plugins/fr.ac6.mcu.externaltools.arm-none.macos64_1.13.1.201703061524/tools/compiler/bin/../lib/gcc/arm-none-eabi/5.4.1/../../../../arm-none-eabi/lib/armv7e-m/fpu/libc.a(lib_a-init.o)
 .debug_frame   0x0000000000002808       0x50 /Applications/Ac6/SystemWorkbench.app/Contents/Eclipse/plugins/fr.ac6.mcu.externaltools.arm-none.macos64_1.13.1.201703061524/tools/compiler/bin/../lib/gcc/arm-none-eabi/5.4.1/../../../../arm-none-eabi/lib/armv7e-m/fpu/libc.a(lib_a-__call_atexit.o)
 .debug_frame   0x0000000000002858       0x20 /Applications/Ac6/SystemWorkbench.app/Contents/Eclipse/plugins/fr.ac6.mcu.externaltools.arm-none.macos64_1.13.1.201703061524/tools/compiler/bin/../lib/gcc/arm-none-eabi/5.4.1/../../../../arm-none-eabi/lib/armv7e-m/fpu/libc.a(lib_a-atexit.o)
 .debug_frame   0x0000000000002878       0x34 /Applications/Ac6/SystemWorkbench.app/Contents/Eclipse/plugins/fr.ac6.mcu.externaltools.arm-none.macos64_1.13.1.201703061524/tools/compiler/bin/../lib/gcc/arm-none-eabi/5.4.1/../../../../arm-none-eabi/lib/armv7e-m/fpu/libc.a(lib_a-fini.o)
 .debug_frame   0x00000000000028ac       0x34 /Applications/Ac6/SystemWorkbench.app/Contents/Eclipse/plugins/fr.ac6.mcu.externaltools.arm-none.macos64_1.13.1.201703061524/tools/compiler/bin/../lib/gcc/arm-none-eabi/5.4.1/../../../../arm-none-eabi/lib/armv7e-m/fpu/libc.a(lib_a-__atexit.o)
