Archive member included to satisfy reference by file (symbol)

c:/ac6/systemworkbench/plugins/fr.ac6.mcu.externaltools.arm-none.win32_1.13.2.201703061525/tools/compiler/bin/../lib/gcc/arm-none-eabi/5.4.1/../../../../arm-none-eabi/lib/armv7e-m/fpu\libc.a(lib_a-errno.o)
                              src/syscalls.o (__errno)
c:/ac6/systemworkbench/plugins/fr.ac6.mcu.externaltools.arm-none.win32_1.13.2.201703061525/tools/compiler/bin/../lib/gcc/arm-none-eabi/5.4.1/../../../../arm-none-eabi/lib/armv7e-m/fpu\libc.a(lib_a-exit.o)
                              c:/ac6/systemworkbench/plugins/fr.ac6.mcu.externaltools.arm-none.win32_1.13.2.201703061525/tools/compiler/bin/../lib/gcc/arm-none-eabi/5.4.1/../../../../arm-none-eabi/lib/armv7e-m/fpu/crt0.o (exit)
c:/ac6/systemworkbench/plugins/fr.ac6.mcu.externaltools.arm-none.win32_1.13.2.201703061525/tools/compiler/bin/../lib/gcc/arm-none-eabi/5.4.1/../../../../arm-none-eabi/lib/armv7e-m/fpu\libc.a(lib_a-impure.o)
                              c:/ac6/systemworkbench/plugins/fr.ac6.mcu.externaltools.arm-none.win32_1.13.2.201703061525/tools/compiler/bin/../lib/gcc/arm-none-eabi/5.4.1/../../../../arm-none-eabi/lib/armv7e-m/fpu\libc.a(lib_a-exit.o) (_global_impure_ptr)
c:/ac6/systemworkbench/plugins/fr.ac6.mcu.externaltools.arm-none.win32_1.13.2.201703061525/tools/compiler/bin/../lib/gcc/arm-none-eabi/5.4.1/../../../../arm-none-eabi/lib/armv7e-m/fpu\libc.a(lib_a-init.o)
                              c:/ac6/systemworkbench/plugins/fr.ac6.mcu.externaltools.arm-none.win32_1.13.2.201703061525/tools/compiler/bin/../lib/gcc/arm-none-eabi/5.4.1/../../../../arm-none-eabi/lib/armv7e-m/fpu/crt0.o (__libc_init_array)
c:/ac6/systemworkbench/plugins/fr.ac6.mcu.externaltools.arm-none.win32_1.13.2.201703061525/tools/compiler/bin/../lib/gcc/arm-none-eabi/5.4.1/../../../../arm-none-eabi/lib/armv7e-m/fpu\libc.a(lib_a-memset.o)
                              c:/ac6/systemworkbench/plugins/fr.ac6.mcu.externaltools.arm-none.win32_1.13.2.201703061525/tools/compiler/bin/../lib/gcc/arm-none-eabi/5.4.1/../../../../arm-none-eabi/lib/armv7e-m/fpu/crt0.o (memset)
c:/ac6/systemworkbench/plugins/fr.ac6.mcu.externaltools.arm-none.win32_1.13.2.201703061525/tools/compiler/bin/../lib/gcc/arm-none-eabi/5.4.1/../../../../arm-none-eabi/lib/armv7e-m/fpu\libc.a(lib_a-__call_atexit.o)
                              c:/ac6/systemworkbench/plugins/fr.ac6.mcu.externaltools.arm-none.win32_1.13.2.201703061525/tools/compiler/bin/../lib/gcc/arm-none-eabi/5.4.1/../../../../arm-none-eabi/lib/armv7e-m/fpu\libc.a(lib_a-exit.o) (__call_exitprocs)
c:/ac6/systemworkbench/plugins/fr.ac6.mcu.externaltools.arm-none.win32_1.13.2.201703061525/tools/compiler/bin/../lib/gcc/arm-none-eabi/5.4.1/../../../../arm-none-eabi/lib/armv7e-m/fpu\libc.a(lib_a-atexit.o)
                              c:/ac6/systemworkbench/plugins/fr.ac6.mcu.externaltools.arm-none.win32_1.13.2.201703061525/tools/compiler/bin/../lib/gcc/arm-none-eabi/5.4.1/../../../../arm-none-eabi/lib/armv7e-m/fpu\libc.a(lib_a-__call_atexit.o) (atexit)
c:/ac6/systemworkbench/plugins/fr.ac6.mcu.externaltools.arm-none.win32_1.13.2.201703061525/tools/compiler/bin/../lib/gcc/arm-none-eabi/5.4.1/../../../../arm-none-eabi/lib/armv7e-m/fpu\libc.a(lib_a-fini.o)
                              c:/ac6/systemworkbench/plugins/fr.ac6.mcu.externaltools.arm-none.win32_1.13.2.201703061525/tools/compiler/bin/../lib/gcc/arm-none-eabi/5.4.1/../../../../arm-none-eabi/lib/armv7e-m/fpu\libc.a(lib_a-__call_atexit.o) (__libc_fini_array)
c:/ac6/systemworkbench/plugins/fr.ac6.mcu.externaltools.arm-none.win32_1.13.2.201703061525/tools/compiler/bin/../lib/gcc/arm-none-eabi/5.4.1/../../../../arm-none-eabi/lib/armv7e-m/fpu\libc.a(lib_a-__atexit.o)
                              c:/ac6/systemworkbench/plugins/fr.ac6.mcu.externaltools.arm-none.win32_1.13.2.201703061525/tools/compiler/bin/../lib/gcc/arm-none-eabi/5.4.1/../../../../arm-none-eabi/lib/armv7e-m/fpu\libc.a(lib_a-atexit.o) (__register_exitproc)

Allocating common symbols
Common symbol       size              file

rightspeed          0x4               src/main.o
left_cnt            0x4               src/Driver.o
left_intergral      0x4               src/pid.o
right_old_err       0x4               src/pid.o
right_spd           0x4               src/Driver.o
radius              0x4               src/Driver.o
right_intergral     0x4               src/pid.o
Micros              0x4               src/Controller.o
left_spd            0x4               src/Driver.o
Millis              0x4               src/Controller.o
leftspeed           0x4               src/main.o
right_cnt           0x4               src/Driver.o
left_old_err        0x4               src/pid.o

Discarded input sections

 .text          0x00000000        0x0 c:/ac6/systemworkbench/plugins/fr.ac6.mcu.externaltools.arm-none.win32_1.13.2.201703061525/tools/compiler/bin/../lib/gcc/arm-none-eabi/5.4.1/armv7e-m/fpu/crti.o
[...]
Memory Configuration

Name             Origin             Length             Attributes
RAM              0x20000000         0x00020000         xrw
ROM              0x08000000         0x00100000         xr
*default*        0x00000000         0xffffffff

Linker script and memory map

LOAD c:/ac6/systemworkbench/plugins/fr.ac6.mcu.externaltools.arm-none.win32_1.13.2.201703061525/tools/compiler/bin/../lib/gcc/arm-none-eabi/5.4.1/armv7e-m/fpu/crti.o
LOAD c:/ac6/systemworkbench/plugins/fr.ac6.mcu.externaltools.arm-none.win32_1.13.2.201703061525/tools/compiler/bin/../lib/gcc/arm-none-eabi/5.4.1/armv7e-m/fpu/crtbegin.o
LOAD c:/ac6/systemworkbench/plugins/fr.ac6.mcu.externaltools.arm-none.win32_1.13.2.201703061525/tools/compiler/bin/../lib/gcc/arm-none-eabi/5.4.1/../../../../arm-none-eabi/lib/armv7e-m/fpu/crt0.o
LOAD c:/ac6/systemworkbench/plugins/fr.ac6.mcu.externaltools.arm-none.win32_1.13.2.201703061525/tools/compiler/bin/../lib/gcc/arm-none-eabi/5.4.1/../../../../arm-none-eabi/lib/armv7e-m/fpu\libm.a
LOAD StdPeriph_Driver/src/misc.o
LOAD StdPeriph_Driver/src/stm32f4xx_adc.o
LOAD StdPeriph_Driver/src/stm32f4xx_can.o
LOAD StdPeriph_Driver/src/stm32f4xx_cec.o
LOAD StdPeriph_Driver/src/stm32f4xx_crc.o
LOAD StdPeriph_Driver/src/stm32f4xx_cryp.o
LOAD StdPeriph_Driver/src/stm32f4xx_cryp_aes.o
LOAD StdPeriph_Driver/src/stm32f4xx_cryp_des.o
LOAD StdPeriph_Driver/src/stm32f4xx_cryp_tdes.o
LOAD StdPeriph_Driver/src/stm32f4xx_dac.o
LOAD StdPeriph_Driver/src/stm32f4xx_dbgmcu.o
LOAD StdPeriph_Driver/src/stm32f4xx_dcmi.o
LOAD StdPeriph_Driver/src/stm32f4xx_dfsdm.o
LOAD StdPeriph_Driver/src/stm32f4xx_dma.o
LOAD StdPeriph_Driver/src/stm32f4xx_dma2d.o
LOAD StdPeriph_Driver/src/stm32f4xx_dsi.o
LOAD StdPeriph_Driver/src/stm32f4xx_exti.o
LOAD StdPeriph_Driver/src/stm32f4xx_flash.o
LOAD StdPeriph_Driver/src/stm32f4xx_flash_ramfunc.o
LOAD StdPeriph_Driver/src/stm32f4xx_fmc.o
LOAD StdPeriph_Driver/src/stm32f4xx_fmip2c.o
LOAD StdPeriph_Driver/src/stm32f4xx_fsmc.o
LOAD StdPeriph_Driver/src/stm32f4xx_gpio.o
LOAD StdPeriph_Driver/src/stm32f4xx_hash.o
LOAD StdPeriph_Driver/src/stm32f4xx_hash_md5.o
LOAD StdPeriph_Driver/src/stm32f4xx_hash_sha1.o
LOAD StdPeriph_Driver/src/stm32f4xx_i2c.o
LOAD StdPeriph_Driver/src/stm32f4xx_iwdg.o
LOAD StdPeriph_Driver/src/stm32f4xx_lptim.o
LOAD StdPeriph_Driver/src/stm32f4xx_ltdc.o
LOAD StdPeriph_Driver/src/stm32f4xx_pwr.o
LOAD StdPeriph_Driver/src/stm32f4xx_qspi.o
LOAD StdPeriph_Driver/src/stm32f4xx_rcc.o
LOAD StdPeriph_Driver/src/stm32f4xx_rng.o
LOAD StdPeriph_Driver/src/stm32f4xx_rtc.o
LOAD StdPeriph_Driver/src/stm32f4xx_sai.o
LOAD StdPeriph_Driver/src/stm32f4xx_sdio.o
LOAD StdPeriph_Driver/src/stm32f4xx_spdifrx.o
LOAD StdPeriph_Driver/src/stm32f4xx_spi.o
LOAD StdPeriph_Driver/src/stm32f4xx_syscfg.o
LOAD StdPeriph_Driver/src/stm32f4xx_tim.o
LOAD StdPeriph_Driver/src/stm32f4xx_usart.o
LOAD StdPeriph_Driver/src/stm32f4xx_wwdg.o
LOAD src/Controller.o
LOAD src/Driver.o
LOAD src/Runner.o
LOAD src/adc.o
LOAD src/delay.o
LOAD src/encoder.o
LOAD src/led.o
LOAD src/main.o
LOAD src/pid.o
LOAD src/pwm.o
LOAD src/sensor.o
LOAD src/stm32f4xx_it.o
LOAD src/syscalls.o
LOAD src/system_stm32f4xx.o
LOAD startup/startup_stm32.o
START GROUP
LOAD c:/ac6/systemworkbench/plugins/fr.ac6.mcu.externaltools.arm-none.win32_1.13.2.201703061525/tools/compiler/bin/../lib/gcc/arm-none-eabi/5.4.1/armv7e-m/fpu\libgcc.a
LOAD c:/ac6/systemworkbench/plugins/fr.ac6.mcu.externaltools.arm-none.win32_1.13.2.201703061525/tools/compiler/bin/../lib/gcc/arm-none-eabi/5.4.1/../../../../arm-none-eabi/lib/armv7e-m/fpu\libc.a
END GROUP
LOAD c:/ac6/systemworkbench/plugins/fr.ac6.mcu.externaltools.arm-none.win32_1.13.2.201703061525/tools/compiler/bin/../lib/gcc/arm-none-eabi/5.4.1/armv7e-m/fpu/crtend.o
LOAD c:/ac6/systemworkbench/plugins/fr.ac6.mcu.externaltools.arm-none.win32_1.13.2.201703061525/tools/compiler/bin/../lib/gcc/arm-none-eabi/5.4.1/armv7e-m/fpu/crtn.o
                0x20020000                _estack = 0x20020000
                0x00000000                _Min_Heap_Size = 0x0
                0x00000400                _Min_Stack_Size = 0x400

.isr_vector     0x08000000      0x188
                0x08000000                . = ALIGN (0x4)
 *(.isr_vector)
 .isr_vector    0x08000000      0x188 startup/startup_stm32.o
                0x08000000                g_pfnVectors
                0x08000188                . = ALIGN (0x4)

.text           0x08000188     0x1c14
                0x08000188                . = ALIGN (0x4)
 *(.text)
 .text          0x08000188       0x5c c:/ac6/systemworkbench/plugins/fr.ac6.mcu.externaltools.arm-none.win32_1.13.2.201703061525/tools/compiler/bin/../lib/gcc/arm-none-eabi/5.4.1/armv7e-m/fpu/crtbegin.o
 *(.text*)
 .text.NVIC_PriorityGroupConfig
                0x080001e4       0x28 StdPeriph_Driver/src/misc.o
                0x080001e4                NVIC_PriorityGroupConfig
 .text.ADC_DeInit
                0x0800020c       0x1c StdPeriph_Driver/src/stm32f4xx_adc.o
                0x0800020c                ADC_DeInit
 .text.ADC_Init
                0x08000228       0xac StdPeriph_Driver/src/stm32f4xx_adc.o
                0x08000228                ADC_Init
 .text.ADC_CommonInit
                0x080002d4       0x50 StdPeriph_Driver/src/stm32f4xx_adc.o
                0x080002d4                ADC_CommonInit
 .text.ADC_Cmd  0x08000324       0x38 StdPeriph_Driver/src/stm32f4xx_adc.o
                0x08000324                ADC_Cmd
 .text.ADC_RegularChannelConfig
                0x0800035c      0x194 StdPeriph_Driver/src/stm32f4xx_adc.o
                0x0800035c                ADC_RegularChannelConfig
 .text.ADC_SoftwareStartConv
                0x080004f0       0x20 StdPeriph_Driver/src/stm32f4xx_adc.o
                0x080004f0                ADC_SoftwareStartConv
 .text.ADC_GetConversionValue
                0x08000510       0x1c StdPeriph_Driver/src/stm32f4xx_adc.o
                0x08000510                ADC_GetConversionValue
 .text.ADC_GetFlagStatus
                0x0800052c       0x34 StdPeriph_Driver/src/stm32f4xx_adc.o
                0x0800052c                ADC_GetFlagStatus
 .text.GPIO_Init
                0x08000560      0x11c StdPeriph_Driver/src/stm32f4xx_gpio.o
                0x08000560                GPIO_Init
 .text.GPIO_SetBits
                0x0800067c       0x20 StdPeriph_Driver/src/stm32f4xx_gpio.o
                0x0800067c                GPIO_SetBits
 .text.GPIO_ResetBits
                0x0800069c       0x20 StdPeriph_Driver/src/stm32f4xx_gpio.o
                0x0800069c                GPIO_ResetBits
 .text.GPIO_PinAFConfig
                0x080006bc       0x94 StdPeriph_Driver/src/stm32f4xx_gpio.o
                0x080006bc                GPIO_PinAFConfig
 .text.RCC_AHB1PeriphClockCmd
                0x08000750       0x40 StdPeriph_Driver/src/stm32f4xx_rcc.o
                0x08000750                RCC_AHB1PeriphClockCmd
 .text.RCC_APB1PeriphClockCmd
                0x08000790       0x40 StdPeriph_Driver/src/stm32f4xx_rcc.o
                0x08000790                RCC_APB1PeriphClockCmd
 .text.RCC_APB2PeriphClockCmd
                0x080007d0       0x40 StdPeriph_Driver/src/stm32f4xx_rcc.o
                0x080007d0                RCC_APB2PeriphClockCmd
 .text.RCC_APB2PeriphResetCmd
                0x08000810       0x40 StdPeriph_Driver/src/stm32f4xx_rcc.o
                0x08000810                RCC_APB2PeriphResetCmd
 .text.TIM_TimeBaseInit
                0x08000850       0xd8 StdPeriph_Driver/src/stm32f4xx_tim.o
                0x08000850                TIM_TimeBaseInit
 .text.TIM_SetAutoreload
                0x08000928       0x1c StdPeriph_Driver/src/stm32f4xx_tim.o
                0x08000928                TIM_SetAutoreload
 .text.TIM_ARRPreloadConfig
                0x08000944       0x40 StdPeriph_Driver/src/stm32f4xx_tim.o
                0x08000944                TIM_ARRPreloadConfig
 .text.TIM_Cmd  0x08000984       0x40 StdPeriph_Driver/src/stm32f4xx_tim.o
                0x08000984                TIM_Cmd
 .text.TIM_OC1Init
                0x080009c4       0xf4 StdPeriph_Driver/src/stm32f4xx_tim.o
                0x080009c4                TIM_OC1Init
 .text.TIM_OC2Init
                0x08000ab8      0x110 StdPeriph_Driver/src/stm32f4xx_tim.o
                0x08000ab8                TIM_OC2Init
 .text.TIM_OC3Init
                0x08000bc8      0x10c StdPeriph_Driver/src/stm32f4xx_tim.o
                0x08000bc8                TIM_OC3Init
 .text.TIM_OC4Init
                0x08000cd4       0xd0 StdPeriph_Driver/src/stm32f4xx_tim.o
                0x08000cd4                TIM_OC4Init
 .text.TIM_OC1PreloadConfig
                0x08000da4       0x38 StdPeriph_Driver/src/stm32f4xx_tim.o
                0x08000da4                TIM_OC1PreloadConfig
 .text.TIM_OC2PreloadConfig
                0x08000ddc       0x3c StdPeriph_Driver/src/stm32f4xx_tim.o
                0x08000ddc                TIM_OC2PreloadConfig
 .text.TIM_OC3PreloadConfig
                0x08000e18       0x38 StdPeriph_Driver/src/stm32f4xx_tim.o
                0x08000e18                TIM_OC3PreloadConfig
 .text.TIM_OC4PreloadConfig
                0x08000e50       0x3c StdPeriph_Driver/src/stm32f4xx_tim.o
                0x08000e50                TIM_OC4PreloadConfig
 .text.TIM_EncoderInterfaceConfig
                0x08000e8c       0x98 StdPeriph_Driver/src/stm32f4xx_tim.o
                0x08000e8c                TIM_EncoderInterfaceConfig
 .text.Controller_hardware_init
                0x08000f24       0x6c src/Controller.o
                0x08000f24                Controller_hardware_init
 .text.Controller_checkwall
                0x08000f90       0x64 src/Controller.o
                0x08000f90                Controller_checkwall
 .text.ADC_Config
                0x08000ff4       0xf4 src/adc.o
                0x08000ff4                ADC_Config
 .text.readADC  0x080010e8       0x44 src/adc.o
                0x080010e8                readADC
 .text.NVIC_SetPriority
                0x0800112c       0x54 src/delay.o
 .text.SysTick_Config
                0x08001180       0x44 src/delay.o
 .text.Systick_Configuration
                0x080011c4       0x50 src/delay.o
                0x080011c4                Systick_Configuration
 .text.micros   0x08001214       0x44 src/delay.o
                0x08001214                micros
 .text.delay_ms
                0x08001258       0x30 src/delay.o
                0x08001258                delay_ms
 .text.elapseMicros
                0x08001288       0x24 src/delay.o
                0x08001288                elapseMicros
 .text.setLeftEncCount
                0x080012ac       0x20 src/encoder.o
                0x080012ac                setLeftEncCount
 .text.setRightEncCount
                0x080012cc       0x20 src/encoder.o
                0x080012cc                setRightEncCount
 .text.Encoder_Configration
                0x080012ec       0xbc src/encoder.o
                0x080012ec                Encoder_Configration
 .text.update_speed
                0x080013a8       0x64 src/encoder.o
                0x080013a8                update_speed
 .text.LED_Configuration
                0x0800140c       0x98 src/led.o
                0x0800140c                LED_Configuration
 .text.main     0x080014a4       0x84 src/main.o
                0x080014a4                main
 .text.TIM4_GPIO_Config
                0x08001528       0x64 src/pwm.o
                0x08001528                TIM4_GPIO_Config
 .text.TIM4_Mode_Config
                0x0800158c       0xc8 src/pwm.o
                0x0800158c                TIM4_Mode_Config
 .text.PWM_Configuration
                0x08001654       0x10 src/pwm.o
                0x08001654                PWM_Configuration
 .text.setLeftPwm
                0x08001664       0x74 src/pwm.o
                0x08001664                setLeftPwm
 .text.setRightPwm
                0x080016d8       0x74 src/pwm.o
                0x080016d8                setRightPwm
 .text.readSensor
                0x0800174c      0x1d8 src/sensor.o
                0x0800174c                readSensor
 .text.NMI_Handler
                0x08001924       0x10 src/stm32f4xx_it.o
                0x08001924                NMI_Handler
 .text.HardFault_Handler
                0x08001934        0x8 src/stm32f4xx_it.o
                0x08001934                HardFault_Handler
 .text.MemManage_Handler
                0x0800193c        0x8 src/stm32f4xx_it.o
                0x0800193c                MemManage_Handler
 .text.BusFault_Handler
                0x08001944        0x8 src/stm32f4xx_it.o
                0x08001944                BusFault_Handler
 .text.UsageFault_Handler
                0x0800194c        0x8 src/stm32f4xx_it.o
                0x0800194c                UsageFault_Handler
 .text.SVC_Handler
                0x08001954       0x10 src/stm32f4xx_it.o
                0x08001954                SVC_Handler
 .text.DebugMon_Handler
                0x08001964       0x10 src/stm32f4xx_it.o
                0x08001964                DebugMon_Handler
 .text.PendSV_Handler
                0x08001974       0x10 src/stm32f4xx_it.o
                0x08001974                PendSV_Handler
 .text.SysTick_Handler
                0x08001984       0x1c src/stm32f4xx_it.o
                0x08001984                SysTick_Handler
 .text.SystemInit
                0x080019a0       0x6c src/system_stm32f4xx.o
                0x080019a0                SystemInit
 .text.SystemCoreClockUpdate
                0x08001a0c       0xfc src/system_stm32f4xx.o
                0x08001a0c                SystemCoreClockUpdate
 .text.SetSysClock
                0x08001b08       0xf8 src/system_stm32f4xx.o
 .text.Reset_Handler
                0x08001c00       0x48 startup/startup_stm32.o
                0x08001c00                Reset_Handler
 .text.__libc_init_array
                0x08001c48       0x50 c:/ac6/systemworkbench/plugins/fr.ac6.mcu.externaltools.arm-none.win32_1.13.2.201703061525/tools/compiler/bin/../lib/gcc/arm-none-eabi/5.4.1/../../../../arm-none-eabi/lib/armv7e-m/fpu\libc.a(lib_a-init.o)
                0x08001c48                __libc_init_array
 .text.startup.register_fini
                0x08001c98       0x14 c:/ac6/systemworkbench/plugins/fr.ac6.mcu.externaltools.arm-none.win32_1.13.2.201703061525/tools/compiler/bin/../lib/gcc/arm-none-eabi/5.4.1/../../../../arm-none-eabi/lib/armv7e-m/fpu\libc.a(lib_a-__call_atexit.o)
 .text.atexit   0x08001cac        0xc c:/ac6/systemworkbench/plugins/fr.ac6.mcu.externaltools.arm-none.win32_1.13.2.201703061525/tools/compiler/bin/../lib/gcc/arm-none-eabi/5.4.1/../../../../arm-none-eabi/lib/armv7e-m/fpu\libc.a(lib_a-atexit.o)
                0x08001cac                atexit
 .text.__libc_fini_array
                0x08001cb8       0x28 c:/ac6/systemworkbench/plugins/fr.ac6.mcu.externaltools.arm-none.win32_1.13.2.201703061525/tools/compiler/bin/../lib/gcc/arm-none-eabi/5.4.1/../../../../arm-none-eabi/lib/armv7e-m/fpu\libc.a(lib_a-fini.o)
                0x08001cb8                __libc_fini_array
 .text.__register_exitproc
                0x08001ce0       0xa4 c:/ac6/systemworkbench/plugins/fr.ac6.mcu.externaltools.arm-none.win32_1.13.2.201703061525/tools/compiler/bin/../lib/gcc/arm-none-eabi/5.4.1/../../../../arm-none-eabi/lib/armv7e-m/fpu\libc.a(lib_a-__atexit.o)
                0x08001ce0                __register_exitproc
 *(.glue_7)
 .glue_7        0x08001d84        0x0 linker stubs
 *(.glue_7t)
 .glue_7t       0x08001d84        0x0 linker stubs
 *(.eh_frame)
 .eh_frame      0x08001d84        0x0 c:/ac6/systemworkbench/plugins/fr.ac6.mcu.externaltools.arm-none.win32_1.13.2.201703061525/tools/compiler/bin/../lib/gcc/arm-none-eabi/5.4.1/armv7e-m/fpu/crtbegin.o
 *(.init)
 .init          0x08001d84        0x4 c:/ac6/systemworkbench/plugins/fr.ac6.mcu.externaltools.arm-none.win32_1.13.2.201703061525/tools/compiler/bin/../lib/gcc/arm-none-eabi/5.4.1/armv7e-m/fpu/crti.o
                0x08001d84                _init
 .init          0x08001d88        0x8 c:/ac6/systemworkbench/plugins/fr.ac6.mcu.externaltools.arm-none.win32_1.13.2.201703061525/tools/compiler/bin/../lib/gcc/arm-none-eabi/5.4.1/armv7e-m/fpu/crtn.o
 *(.fini)
 .fini          0x08001d90        0x4 c:/ac6/systemworkbench/plugins/fr.ac6.mcu.externaltools.arm-none.win32_1.13.2.201703061525/tools/compiler/bin/../lib/gcc/arm-none-eabi/5.4.1/armv7e-m/fpu/crti.o
                0x08001d90                _fini
 .fini          0x08001d94        0x8 c:/ac6/systemworkbench/plugins/fr.ac6.mcu.externaltools.arm-none.win32_1.13.2.201703061525/tools/compiler/bin/../lib/gcc/arm-none-eabi/5.4.1/armv7e-m/fpu/crtn.o
                0x08001d9c                . = ALIGN (0x4)
                0x08001d9c                _etext = .

.vfp11_veneer   0x08001d9c        0x0
 .vfp11_veneer  0x08001d9c        0x0 linker stubs

.v4_bx          0x08001d9c        0x0
 .v4_bx         0x08001d9c        0x0 linker stubs

.iplt           0x08001d9c        0x0
 .iplt          0x08001d9c        0x0 c:/ac6/systemworkbench/plugins/fr.ac6.mcu.externaltools.arm-none.win32_1.13.2.201703061525/tools/compiler/bin/../lib/gcc/arm-none-eabi/5.4.1/armv7e-m/fpu/crtbegin.o

.rodata         0x08001d9c        0x4
                0x08001d9c                . = ALIGN (0x4)
 *(.rodata)
 *(.rodata*)
 .rodata._global_impure_ptr
                0x08001d9c        0x4 c:/ac6/systemworkbench/plugins/fr.ac6.mcu.externaltools.arm-none.win32_1.13.2.201703061525/tools/compiler/bin/../lib/gcc/arm-none-eabi/5.4.1/../../../../arm-none-eabi/lib/armv7e-m/fpu\libc.a(lib_a-impure.o)
                0x08001d9c                _global_impure_ptr
                0x08001da0                . = ALIGN (0x4)

.rel.dyn        0x08001da0        0x0
 .rel.iplt      0x08001da0        0x0 c:/ac6/systemworkbench/plugins/fr.ac6.mcu.externaltools.arm-none.win32_1.13.2.201703061525/tools/compiler/bin/../lib/gcc/arm-none-eabi/5.4.1/armv7e-m/fpu/crtbegin.o

.ARM.extab      0x08001da0        0x0
                0x08001da0                . = ALIGN (0x4)
 *(.ARM.extab* .gnu.linkonce.armextab.*)
                0x08001da0                . = ALIGN (0x4)

.ARM            0x08001da0        0x0
                0x08001da0                . = ALIGN (0x4)
                0x08001da0                __exidx_start = .
 *(.ARM.exidx*)
                0x08001da0                __exidx_end = .
                0x08001da0                . = ALIGN (0x4)

.preinit_array  0x08001da0        0x0
                0x08001da0                . = ALIGN (0x4)
                0x08001da0                PROVIDE (__preinit_array_start, .)
 *(.preinit_array*)
                0x08001da0                PROVIDE (__preinit_array_end, .)
                0x08001da0                . = ALIGN (0x4)

.init_array     0x08001da0        0x8
                0x08001da0                . = ALIGN (0x4)
                0x08001da0                PROVIDE (__init_array_start, .)
 *(SORT(.init_array.*))
 .init_array.00000
                0x08001da0        0x4 c:/ac6/systemworkbench/plugins/fr.ac6.mcu.externaltools.arm-none.win32_1.13.2.201703061525/tools/compiler/bin/../lib/gcc/arm-none-eabi/5.4.1/../../../../arm-none-eabi/lib/armv7e-m/fpu\libc.a(lib_a-__call_atexit.o)
 *(.init_array*)
 .init_array    0x08001da4        0x4 c:/ac6/systemworkbench/plugins/fr.ac6.mcu.externaltools.arm-none.win32_1.13.2.201703061525/tools/compiler/bin/../lib/gcc/arm-none-eabi/5.4.1/armv7e-m/fpu/crtbegin.o
                0x08001da8                PROVIDE (__init_array_end, .)
                0x08001da8                . = ALIGN (0x4)

.fini_array     0x08001da8        0x4
                0x08001da8                . = ALIGN (0x4)
                0x08001da8                PROVIDE (__fini_array_start, .)
 *(SORT(.fini_array.*))
 *(.fini_array*)
 .fini_array    0x08001da8        0x4 c:/ac6/systemworkbench/plugins/fr.ac6.mcu.externaltools.arm-none.win32_1.13.2.201703061525/tools/compiler/bin/../lib/gcc/arm-none-eabi/5.4.1/armv7e-m/fpu/crtbegin.o
                0x08001dac                PROVIDE (__fini_array_end, .)
                0x08001dac                . = ALIGN (0x4)
                0x08001dac                _sidata = LOADADDR (.data)

.data           0x20000000      0x440 load address 0x08001dac
                0x20000000                . = ALIGN (0x4)
                0x20000000                _sdata = .
 *(.data)
 .data          0x20000000       0x14 src/system_stm32f4xx.o
                0x20000000                SystemCoreClock
                0x20000004                AHBPrescTable
 *(.data*)
 *fill*         0x20000014        0x4 
 .data.impure_data
                0x20000018      0x428 c:/ac6/systemworkbench/plugins/fr.ac6.mcu.externaltools.arm-none.win32_1.13.2.201703061525/tools/compiler/bin/../lib/gcc/arm-none-eabi/5.4.1/../../../../arm-none-eabi/lib/armv7e-m/fpu\libc.a(lib_a-impure.o)
                0x20000440                . = ALIGN (0x4)
                0x20000440                _edata = .

.jcr            0x20000440        0x0 load address 0x080021ec
 .jcr           0x20000440        0x0 c:/ac6/systemworkbench/plugins/fr.ac6.mcu.externaltools.arm-none.win32_1.13.2.201703061525/tools/compiler/bin/../lib/gcc/arm-none-eabi/5.4.1/armv7e-m/fpu/crtbegin.o

.igot.plt       0x20000440        0x0 load address 0x080021ec
 .igot.plt      0x20000440        0x0 c:/ac6/systemworkbench/plugins/fr.ac6.mcu.externaltools.arm-none.win32_1.13.2.201703061525/tools/compiler/bin/../lib/gcc/arm-none-eabi/5.4.1/armv7e-m/fpu/crtbegin.o
                0x20000440                . = ALIGN (0x4)

.bss            0x20000440       0x54 load address 0x080021ec
                0x20000440                _sbss = .
                0x20000440                __bss_start__ = _sbss
 *(.bss)
 .bss           0x20000440       0x1c c:/ac6/systemworkbench/plugins/fr.ac6.mcu.externaltools.arm-none.win32_1.13.2.201703061525/tools/compiler/bin/../lib/gcc/arm-none-eabi/5.4.1/armv7e-m/fpu/crtbegin.o
 .bss           0x2000045c       0x10 src/encoder.o
                0x2000045c                global_left_dist
                0x20000460                global_right_dist
                0x20000464                global_left_speed
                0x20000468                global_right_speed
 .bss           0x2000046c        0x8 src/pwm.o
                0x2000046c                CCR1_Val
                0x2000046e                CCR2_Val
                0x20000470                CCR3_Val
                0x20000472                CCR4_Val
 .bss           0x20000474       0x18 src/sensor.o
                0x20000474                volMeter
                0x20000478                voltage
                0x2000047c                FLSensor
                0x20000480                FRSensor
                0x20000484                LDSensor
                0x20000488                RDSensor
 *(.bss*)
 *(COMMON)
 COMMON         0x2000048c        0x8 src/Controller.o
                0x2000048c                Micros
                0x20000490                Millis
                0x20000494                . = ALIGN (0x4)
                0x20000494                _ebss = .
                0x20000494                __bss_end__ = _ebss

._user_heap_stack
                0x20000494      0x404 load address 0x080021ec
                0x20000498                . = ALIGN (0x8)
 *fill*         0x20000494        0x4 
                0x20000498                PROVIDE (end, .)
                [!provide]                PROVIDE (_end, .)
                0x20000498                . = (. + _Min_Heap_Size)
                0x20000898                . = (. + _Min_Stack_Size)
 *fill*         0x20000498      0x400 
                0x20000898                . = ALIGN (0x8)

/DISCARD/
 libc.a(*)
 libm.a(*)
 libgcc.a(*)

.ARM.attributes
                0x00000000       0x30
 *(.ARM.attributes)
 .ARM.attributes
                0x00000000       0x22 c:/ac6/systemworkbench/plugins/fr.ac6.mcu.externaltools.arm-none.win32_1.13.2.201703061525/tools/compiler/bin/../lib/gcc/arm-none-eabi/5.4.1/armv7e-m/fpu/crti.o
 .ARM.attributes
                0x00000022       0x34 c:/ac6/systemworkbench/plugins/fr.ac6.mcu.externaltools.arm-none.win32_1.13.2.201703061525/tools/compiler/bin/../lib/gcc/arm-none-eabi/5.4.1/armv7e-m/fpu/crtbegin.o
 .ARM.attributes
                0x00000056       0x39 StdPeriph_Driver/src/misc.o
 .ARM.attributes
                0x0000008f       0x39 StdPeriph_Driver/src/stm32f4xx_adc.o
 .ARM.attributes
                0x000000c8       0x39 StdPeriph_Driver/src/stm32f4xx_gpio.o
 .ARM.attributes
                0x00000101       0x39 StdPeriph_Driver/src/stm32f4xx_rcc.o
 .ARM.attributes
                0x0000013a       0x39 StdPeriph_Driver/src/stm32f4xx_tim.o
 .ARM.attributes
                0x00000173       0x39 src/Controller.o
 .ARM.attributes
                0x000001ac       0x39 src/adc.o
 .ARM.attributes
                0x000001e5       0x39 src/delay.o
 .ARM.attributes
                0x0000021e       0x39 src/encoder.o
 .ARM.attributes
                0x00000257       0x39 src/led.o
 .ARM.attributes
                0x00000290       0x39 src/main.o
 .ARM.attributes
                0x000002c9       0x39 src/pwm.o
 .ARM.attributes
                0x00000302       0x39 src/sensor.o
 .ARM.attributes
                0x0000033b       0x39 src/stm32f4xx_it.o
 .ARM.attributes
                0x00000374       0x39 src/system_stm32f4xx.o
 .ARM.attributes
                0x000003ad       0x25 startup/startup_stm32.o
 .ARM.attributes
                0x000003d2       0x34 c:/ac6/systemworkbench/plugins/fr.ac6.mcu.externaltools.arm-none.win32_1.13.2.201703061525/tools/compiler/bin/../lib/gcc/arm-none-eabi/5.4.1/../../../../arm-none-eabi/lib/armv7e-m/fpu\libc.a(lib_a-impure.o)
 .ARM.attributes
                0x00000406       0x34 c:/ac6/systemworkbench/plugins/fr.ac6.mcu.externaltools.arm-none.win32_1.13.2.201703061525/tools/compiler/bin/../lib/gcc/arm-none-eabi/5.4.1/../../../../arm-none-eabi/lib/armv7e-m/fpu\libc.a(lib_a-init.o)
 .ARM.attributes
                0x0000043a       0x34 c:/ac6/systemworkbench/plugins/fr.ac6.mcu.externaltools.arm-none.win32_1.13.2.201703061525/tools/compiler/bin/../lib/gcc/arm-none-eabi/5.4.1/../../../../arm-none-eabi/lib/armv7e-m/fpu\libc.a(lib_a-__call_atexit.o)
 .ARM.attributes
                0x0000046e       0x34 c:/ac6/systemworkbench/plugins/fr.ac6.mcu.externaltools.arm-none.win32_1.13.2.201703061525/tools/compiler/bin/../lib/gcc/arm-none-eabi/5.4.1/../../../../arm-none-eabi/lib/armv7e-m/fpu\libc.a(lib_a-atexit.o)
 .ARM.attributes
                0x000004a2       0x34 c:/ac6/systemworkbench/plugins/fr.ac6.mcu.externaltools.arm-none.win32_1.13.2.201703061525/tools/compiler/bin/../lib/gcc/arm-none-eabi/5.4.1/../../../../arm-none-eabi/lib/armv7e-m/fpu\libc.a(lib_a-fini.o)
 .ARM.attributes
                0x000004d6       0x34 c:/ac6/systemworkbench/plugins/fr.ac6.mcu.externaltools.arm-none.win32_1.13.2.201703061525/tools/compiler/bin/../lib/gcc/arm-none-eabi/5.4.1/../../../../arm-none-eabi/lib/armv7e-m/fpu\libc.a(lib_a-__atexit.o)
 .ARM.attributes
                0x0000050a       0x22 c:/ac6/systemworkbench/plugins/fr.ac6.mcu.externaltools.arm-none.win32_1.13.2.201703061525/tools/compiler/bin/../lib/gcc/arm-none-eabi/5.4.1/armv7e-m/fpu/crtn.o
OUTPUT(Micromouse.elf elf32-littlearm)

.debug_info     0x00000000     0x6f73
 .debug_info    0x00000000      0x55e StdPeriph_Driver/src/misc.o
 .debug_info    0x0000055e      0xc48 StdPeriph_Driver/src/stm32f4xx_adc.o
 .debug_info    0x000011a6      0x625 StdPeriph_Driver/src/stm32f4xx_gpio.o
 .debug_info    0x000017cb      0xe60 StdPeriph_Driver/src/stm32f4xx_rcc.o
 .debug_info    0x0000262b     0x1c71 StdPeriph_Driver/src/stm32f4xx_tim.o
 .debug_info    0x0000429c      0x34a src/Controller.o
 .debug_info    0x000045e6      0x53a src/adc.o
 .debug_info    0x00004b20      0x7cd src/delay.o
 .debug_info    0x000052ed      0x598 src/encoder.o
 .debug_info    0x00005885      0x2bd src/led.o
 .debug_info    0x00005b42      0x21e src/main.o
 .debug_info    0x00005d60      0x65a src/pwm.o
 .debug_info    0x000063ba      0x3c0 src/sensor.o
 .debug_info    0x0000677a      0x180 src/stm32f4xx_it.o
 .debug_info    0x000068fa      0x611 src/system_stm32f4xx.o
 .debug_info    0x00006f0b       0x68 startup/startup_stm32.o

.debug_abbrev   0x00000000     0x1467
 .debug_abbrev  0x00000000      0x14c StdPeriph_Driver/src/misc.o
 .debug_abbrev  0x0000014c      0x19d StdPeriph_Driver/src/stm32f4xx_adc.o
 .debug_abbrev  0x000002e9      0x1ac StdPeriph_Driver/src/stm32f4xx_gpio.o
 .debug_abbrev  0x00000495      0x1c1 StdPeriph_Driver/src/stm32f4xx_rcc.o
 .debug_abbrev  0x00000656      0x18e StdPeriph_Driver/src/stm32f4xx_tim.o
 .debug_abbrev  0x000007e4      0x158 src/Controller.o
 .debug_abbrev  0x0000093c      0x152 src/adc.o
 .debug_abbrev  0x00000a8e      0x1ee src/delay.o
 .debug_abbrev  0x00000c7c      0x174 src/encoder.o
 .debug_abbrev  0x00000df0      0x108 src/led.o
 .debug_abbrev  0x00000ef8       0xee src/main.o
 .debug_abbrev  0x00000fe6      0x17f src/pwm.o
 .debug_abbrev  0x00001165      0x113 src/sensor.o
 .debug_abbrev  0x00001278       0xa0 src/stm32f4xx_it.o
 .debug_abbrev  0x00001318      0x13d src/system_stm32f4xx.o
 .debug_abbrev  0x00001455       0x12 startup/startup_stm32.o

.debug_aranges  0x00000000      0x940
 .debug_aranges
                0x00000000       0x40 StdPeriph_Driver/src/misc.o
 .debug_aranges
                0x00000040      0x148 StdPeriph_Driver/src/stm32f4xx_adc.o
 .debug_aranges
                0x00000188       0x88 StdPeriph_Driver/src/stm32f4xx_gpio.o
 .debug_aranges
                0x00000210      0x1c0 StdPeriph_Driver/src/stm32f4xx_rcc.o
 .debug_aranges
                0x000003d0      0x2f8 StdPeriph_Driver/src/stm32f4xx_tim.o
 .debug_aranges
                0x000006c8       0x38 src/Controller.o
 .debug_aranges
                0x00000700       0x28 src/adc.o
 .debug_aranges
                0x00000728       0x60 src/delay.o
 .debug_aranges
                0x00000788       0x48 src/encoder.o
 .debug_aranges
                0x000007d0       0x20 src/led.o
 .debug_aranges
                0x000007f0       0x20 src/main.o
 .debug_aranges
                0x00000810       0x40 src/pwm.o
 .debug_aranges
                0x00000850       0x38 src/sensor.o
 .debug_aranges
                0x00000888       0x60 src/stm32f4xx_it.o
 .debug_aranges
                0x000008e8       0x30 src/system_stm32f4xx.o
 .debug_aranges
                0x00000918       0x28 startup/startup_stm32.o

.debug_ranges   0x00000000      0x848
 .debug_ranges  0x00000000       0x30 StdPeriph_Driver/src/misc.o
 .debug_ranges  0x00000030      0x138 StdPeriph_Driver/src/stm32f4xx_adc.o
 .debug_ranges  0x00000168       0x78 StdPeriph_Driver/src/stm32f4xx_gpio.o
 .debug_ranges  0x000001e0      0x1b0 StdPeriph_Driver/src/stm32f4xx_rcc.o
 .debug_ranges  0x00000390      0x2e8 StdPeriph_Driver/src/stm32f4xx_tim.o
 .debug_ranges  0x00000678       0x28 src/Controller.o
 .debug_ranges  0x000006a0       0x18 src/adc.o
 .debug_ranges  0x000006b8       0x50 src/delay.o
 .debug_ranges  0x00000708       0x38 src/encoder.o
 .debug_ranges  0x00000740       0x10 src/led.o
 .debug_ranges  0x00000750       0x10 src/main.o
 .debug_ranges  0x00000760       0x30 src/pwm.o
 .debug_ranges  0x00000790       0x28 src/sensor.o
 .debug_ranges  0x000007b8       0x50 src/stm32f4xx_it.o
 .debug_ranges  0x00000808       0x20 src/system_stm32f4xx.o
 .debug_ranges  0x00000828       0x20 startup/startup_stm32.o

.debug_macro    0x00000000    0x122d0
 .debug_macro   0x00000000      0x1be StdPeriph_Driver/src/misc.o
 .debug_macro   0x000001be      0x8aa StdPeriph_Driver/src/misc.o
 .debug_macro   0x00000a68       0x6b StdPeriph_Driver/src/misc.o
 .debug_macro   0x00000ad3       0x3b StdPeriph_Driver/src/misc.o
 .debug_macro   0x00000b0e       0x22 StdPeriph_Driver/src/misc.o
 .debug_macro   0x00000b30       0x87 StdPeriph_Driver/src/misc.o
 .debug_macro   0x00000bb7       0x44 StdPeriph_Driver/src/misc.o
 .debug_macro   0x00000bfb       0xfd StdPeriph_Driver/src/misc.o
 .debug_macro   0x00000cf8       0x5e StdPeriph_Driver/src/misc.o
 .debug_macro   0x00000d56      0x1df StdPeriph_Driver/src/misc.o
 .debug_macro   0x00000f35       0x34 StdPeriph_Driver/src/misc.o
 .debug_macro   0x00000f69       0x26 StdPeriph_Driver/src/misc.o
 .debug_macro   0x00000f8f      0xe43 StdPeriph_Driver/src/misc.o
 .debug_macro   0x00001dd2     0x91ad StdPeriph_Driver/src/misc.o
 .debug_macro   0x0000af7f      0x44f StdPeriph_Driver/src/misc.o
 .debug_macro   0x0000b3ce       0xb2 StdPeriph_Driver/src/misc.o
 .debug_macro   0x0000b480      0x477 StdPeriph_Driver/src/misc.o
 .debug_macro   0x0000b8f7       0xb5 StdPeriph_Driver/src/misc.o
 .debug_macro   0x0000b9ac      0x41c StdPeriph_Driver/src/misc.o
 .debug_macro   0x0000bdc8      0x2fb StdPeriph_Driver/src/misc.o
 .debug_macro   0x0000c0c3      0x2ba StdPeriph_Driver/src/misc.o
 .debug_macro   0x0000c37d       0x64 StdPeriph_Driver/src/misc.o
 .debug_macro   0x0000c3e1       0xee StdPeriph_Driver/src/misc.o
 .debug_macro   0x0000c4cf      0x65f StdPeriph_Driver/src/misc.o
 .debug_macro   0x0000cb2e      0x59e StdPeriph_Driver/src/misc.o
 .debug_macro   0x0000d0cc      0x342 StdPeriph_Driver/src/misc.o
 .debug_macro   0x0000d40e      0x36c StdPeriph_Driver/src/misc.o
 .debug_macro   0x0000d77a      0x114 StdPeriph_Driver/src/misc.o
 .debug_macro   0x0000d88e      0x73b StdPeriph_Driver/src/misc.o
 .debug_macro   0x0000dfc9      0x223 StdPeriph_Driver/src/misc.o
 .debug_macro   0x0000e1ec       0x34 StdPeriph_Driver/src/misc.o
 .debug_macro   0x0000e220      0x144 StdPeriph_Driver/src/misc.o
 .debug_macro   0x0000e364       0xc3 StdPeriph_Driver/src/misc.o
 .debug_macro   0x0000e427       0x40 StdPeriph_Driver/src/misc.o
 .debug_macro   0x0000e467      0x3cf StdPeriph_Driver/src/misc.o
 .debug_macro   0x0000e836      0x188 StdPeriph_Driver/src/misc.o
 .debug_macro   0x0000e9be      0x149 StdPeriph_Driver/src/misc.o
 .debug_macro   0x0000eb07       0x35 StdPeriph_Driver/src/misc.o
 .debug_macro   0x0000eb3c       0x7c StdPeriph_Driver/src/misc.o
 .debug_macro   0x0000ebb8      0x240 StdPeriph_Driver/src/stm32f4xx_adc.o
 .debug_macro   0x0000edf8       0x82 StdPeriph_Driver/src/stm32f4xx_adc.o
 .debug_macro   0x0000ee7a      0x1bc StdPeriph_Driver/src/stm32f4xx_gpio.o
 .debug_macro   0x0000f036      0x2f5 StdPeriph_Driver/src/stm32f4xx_gpio.o
 .debug_macro   0x0000f32b      0x28b StdPeriph_Driver/src/stm32f4xx_rcc.o
 .debug_macro   0x0000f5b6      0x1e6 StdPeriph_Driver/src/stm32f4xx_tim.o
 .debug_macro   0x0000f79c      0x735 StdPeriph_Driver/src/stm32f4xx_tim.o
 .debug_macro   0x0000fed1      0x37a src/Controller.o
 .debug_macro   0x0001024b       0x4c src/Controller.o
 .debug_macro   0x00010297       0x8d src/Controller.o
 .debug_macro   0x00010324       0x35 src/Controller.o
 .debug_macro   0x00010359       0x9c src/Controller.o
 .debug_macro   0x000103f5       0x16 src/Controller.o
 .debug_macro   0x0001040b       0x4a src/Controller.o
 .debug_macro   0x00010455       0x97 src/Controller.o
 .debug_macro   0x000104ec      0x30d src/Controller.o
 .debug_macro   0x000107f9       0xfd src/Controller.o
 .debug_macro   0x000108f6       0x10 src/Controller.o
 .debug_macro   0x00010906       0x52 src/Controller.o
 .debug_macro   0x00010958       0x1f src/Controller.o
 .debug_macro   0x00010977       0x43 src/Controller.o
 .debug_macro   0x000109ba       0x20 src/Controller.o
 .debug_macro   0x000109da      0x187 src/Controller.o
 .debug_macro   0x00010b61       0x10 src/Controller.o
 .debug_macro   0x00010b71       0x1c src/Controller.o
 .debug_macro   0x00010b8d       0x52 src/Controller.o
 .debug_macro   0x00010bdf       0x40 src/Controller.o
 .debug_macro   0x00010c1f       0x10 src/Controller.o
 .debug_macro   0x00010c2f       0x40 src/Controller.o
 .debug_macro   0x00010c6f       0xd7 src/Controller.o
 .debug_macro   0x00010d46       0x16 src/Controller.o
 .debug_macro   0x00010d5c      0x18b src/Controller.o
 .debug_macro   0x00010ee7       0x22 src/Controller.o
 .debug_macro   0x00010f09       0x10 src/Controller.o
 .debug_macro   0x00010f19       0x8e src/Controller.o
 .debug_macro   0x00010fa7       0x16 src/Controller.o
 .debug_macro   0x00010fbd       0x35 src/Controller.o
 .debug_macro   0x00010ff2       0x16 src/Controller.o
 .debug_macro   0x00011008       0x29 src/Controller.o
 .debug_macro   0x00011031       0x28 src/Controller.o
 .debug_macro   0x00011059       0x9a src/Controller.o
 .debug_macro   0x000110f3      0x1c0 src/adc.o
 .debug_macro   0x000112b3      0x1c6 src/delay.o
 .debug_macro   0x00011479      0x1ae src/encoder.o
 .debug_macro   0x00011627      0x1ae src/led.o
 .debug_macro   0x000117d5      0x20d src/main.o
 .debug_macro   0x000119e2      0x1cc src/pwm.o
 .debug_macro   0x00011bae      0x324 src/sensor.o
 .debug_macro   0x00011ed2       0x52 src/sensor.o
 .debug_macro   0x00011f24      0x1da src/stm32f4xx_it.o
 .debug_macro   0x000120fe      0x1d2 src/system_stm32f4xx.o

.debug_line     0x00000000     0x721f
 .debug_line    0x00000000      0x628 StdPeriph_Driver/src/misc.o
 .debug_line    0x00000628      0x93e StdPeriph_Driver/src/stm32f4xx_adc.o
 .debug_line    0x00000f66      0x750 StdPeriph_Driver/src/stm32f4xx_gpio.o
 .debug_line    0x000016b6      0xa44 StdPeriph_Driver/src/stm32f4xx_rcc.o
 .debug_line    0x000020fa      0xea2 StdPeriph_Driver/src/stm32f4xx_tim.o
 .debug_line    0x00002f9c      0x814 src/Controller.o
 .debug_line    0x000037b0      0x62e src/adc.o
 .debug_line    0x00003dde      0x6c8 src/delay.o
 .debug_line    0x000044a6      0x628 src/encoder.o
 .debug_line    0x00004ace      0x5c6 src/led.o
 .debug_line    0x00005094      0x65c src/main.o
 .debug_line    0x000056f0      0x638 src/pwm.o
 .debug_line    0x00005d28      0x782 src/sensor.o
 .debug_line    0x000064aa      0x6b7 src/stm32f4xx_it.o
 .debug_line    0x00006b61      0x645 src/system_stm32f4xx.o
 .debug_line    0x000071a6       0x79 startup/startup_stm32.o

.debug_str      0x00000000    0x6568c
 .debug_str     0x00000000    0x5e215 StdPeriph_Driver/src/misc.o
                              0x5e3be (size before relaxing)
 .debug_str     0x0005e215      0x91f StdPeriph_Driver/src/stm32f4xx_adc.o
                              0x5eaad (size before relaxing)
 .debug_str     0x0005eb34      0x2b6 StdPeriph_Driver/src/stm32f4xx_gpio.o
                              0x5e466 (size before relaxing)
 .debug_str     0x0005edea      0xd65 StdPeriph_Driver/src/stm32f4xx_rcc.o
                              0x5ef73 (size before relaxing)
 .debug_str     0x0005fb4f      0xc1b StdPeriph_Driver/src/stm32f4xx_tim.o
                              0x5ee5d (size before relaxing)
 .debug_str     0x0006076a     0x4492 src/Controller.o
                              0x626c5 (size before relaxing)
 .debug_str     0x00064bfc       0x70 src/adc.o
                              0x5eac5 (size before relaxing)
 .debug_str     0x00064c6c      0x5ba src/delay.o
                              0x5e854 (size before relaxing)
 .debug_str     0x00065226       0xa2 src/encoder.o
                              0x5e49c (size before relaxing)
 .debug_str     0x000652c8       0x1f src/led.o
                              0x5e2fa (size before relaxing)
 .debug_str     0x000652e7       0xb0 src/main.o
                              0x5e8df (size before relaxing)
 .debug_str     0x00065397      0x11c src/pwm.o
                              0x5e5e0 (size before relaxing)
 .debug_str     0x000654b3       0x5a src/sensor.o
                              0x6254c (size before relaxing)
 .debug_str     0x0006550d       0xb8 src/stm32f4xx_it.o
                              0x5e26a (size before relaxing)
 .debug_str     0x000655c5       0xc7 src/system_stm32f4xx.o
                              0x5e3c9 (size before relaxing)

.comment        0x00000000       0x6e
 .comment       0x00000000       0x6e StdPeriph_Driver/src/misc.o
                                 0x6f (size before relaxing)
 .comment       0x0000006e       0x6f StdPeriph_Driver/src/stm32f4xx_adc.o
 .comment       0x0000006e       0x6f StdPeriph_Driver/src/stm32f4xx_gpio.o
 .comment       0x0000006e       0x6f StdPeriph_Driver/src/stm32f4xx_rcc.o
 .comment       0x0000006e       0x6f StdPeriph_Driver/src/stm32f4xx_tim.o
 .comment       0x0000006e       0x6f src/Controller.o
 .comment       0x0000006e       0x6f src/adc.o
 .comment       0x0000006e       0x6f src/delay.o
 .comment       0x0000006e       0x6f src/encoder.o
 .comment       0x0000006e       0x6f src/led.o
 .comment       0x0000006e       0x6f src/main.o
 .comment       0x0000006e       0x6f src/pwm.o
 .comment       0x0000006e       0x6f src/sensor.o
 .comment       0x0000006e       0x6f src/stm32f4xx_it.o
 .comment       0x0000006e       0x6f src/system_stm32f4xx.o

.debug_frame    0x00000000     0x26f8
 .debug_frame   0x00000000       0xd8 StdPeriph_Driver/src/misc.o
 .debug_frame   0x000000d8      0x5ec StdPeriph_Driver/src/stm32f4xx_adc.o
 .debug_frame   0x000006c4      0x23c StdPeriph_Driver/src/stm32f4xx_gpio.o
 .debug_frame   0x00000900      0x83c StdPeriph_Driver/src/stm32f4xx_rcc.o
 .debug_frame   0x0000113c      0xe54 StdPeriph_Driver/src/stm32f4xx_tim.o
 .debug_frame   0x00001f90       0x98 src/Controller.o
 .debug_frame   0x00002028       0x58 src/adc.o
 .debug_frame   0x00002080      0x14c src/delay.o
 .debug_frame   0x000021cc       0xe4 src/encoder.o
 .debug_frame   0x000022b0       0x34 src/led.o
 .debug_frame   0x000022e4       0x30 src/main.o
 .debug_frame   0x00002314       0xc4 src/pwm.o
 .debug_frame   0x000023d8       0x94 src/sensor.o
 .debug_frame   0x0000246c      0x10c src/stm32f4xx_it.o
 .debug_frame   0x00002578       0x7c src/system_stm32f4xx.o
 .debug_frame   0x000025f4       0x2c c:/ac6/systemworkbench/plugins/fr.ac6.mcu.externaltools.arm-none.win32_1.13.2.201703061525/tools/compiler/bin/../lib/gcc/arm-none-eabi/5.4.1/../../../../arm-none-eabi/lib/armv7e-m/fpu\libc.a(lib_a-init.o)
 .debug_frame   0x00002620       0x50 c:/ac6/systemworkbench/plugins/fr.ac6.mcu.externaltools.arm-none.win32_1.13.2.201703061525/tools/compiler/bin/../lib/gcc/arm-none-eabi/5.4.1/../../../../arm-none-eabi/lib/armv7e-m/fpu\libc.a(lib_a-__call_atexit.o)
 .debug_frame   0x00002670       0x20 c:/ac6/systemworkbench/plugins/fr.ac6.mcu.externaltools.arm-none.win32_1.13.2.201703061525/tools/compiler/bin/../lib/gcc/arm-none-eabi/5.4.1/../../../../arm-none-eabi/lib/armv7e-m/fpu\libc.a(lib_a-atexit.o)
 .debug_frame   0x00002690       0x34 c:/ac6/systemworkbench/plugins/fr.ac6.mcu.externaltools.arm-none.win32_1.13.2.201703061525/tools/compiler/bin/../lib/gcc/arm-none-eabi/5.4.1/../../../../arm-none-eabi/lib/armv7e-m/fpu\libc.a(lib_a-fini.o)
 .debug_frame   0x000026c4       0x34 c:/ac6/systemworkbench/plugins/fr.ac6.mcu.externaltools.arm-none.win32_1.13.2.201703061525/tools/compiler/bin/../lib/gcc/arm-none-eabi/5.4.1/../../../../arm-none-eabi/lib/armv7e-m/fpu\libc.a(lib_a-__atexit.o)
